
Allocating common symbols
Common symbol       size              file

CurrentPos          0x4               ..\obj\stm32f4_discovery_audio_codec.o
LIS302DL_InitStruct
                    0x5               ..\obj\main.o
Y_Offset            0x1               ..\obj\main.o
LIS302DL_FilterStruct
                    0x3               ..\obj\main.o
i                   0x4               ..\obj\main.o
check               0x1               ..\obj\main.o
X_Offset            0x1               ..\obj\main.o
AUDIO_MAL_DMA_InitStructure
                    0x3c              ..\obj\stm32f4_discovery_audio_codec.o
Buffer              0x6               ..\obj\main.o
NVIC_InitStructure  0x4               ..\obj\stm32f4_discovery.o
DMA_InitStructure   0x3c              ..\obj\stm32f4_discovery_audio_codec.o
received_string     0x2               ..\obj\main.o

Discarded input sections

 .text          0x00000000        0x0 ..\obj\semihosting.o
 .data          0x00000000        0x0 ..\obj\semihosting.o
 .bss           0x00000000       0x14 ..\obj\semihosting.o
 .text.SH_SendChar
                0x00000000       0x64 ..\obj\semihosting.o
 .text.SH_SendString
                0x00000000       0x24 ..\obj\semihosting.o
 .text.SH_GetChar
                0x00000000       0x40 ..\obj\semihosting.o
 .debug_info    0x00000000      0x12b ..\obj\semihosting.o
 .debug_abbrev  0x00000000       0xab ..\obj\semihosting.o
 .debug_aranges
                0x00000000       0x30 ..\obj\semihosting.o
 .debug_ranges  0x00000000       0x20 ..\obj\semihosting.o
 .debug_line    0x00000000       0xa7 ..\obj\semihosting.o
 .debug_str     0x00000000      0x186 ..\obj\semihosting.o
 .comment       0x00000000       0x71 ..\obj\semihosting.o
 .ARM.attributes
                0x00000000       0x33 ..\obj\semihosting.o
 .debug_frame   0x00000000       0x70 ..\obj\semihosting.o
 .text          0x00000000        0x0 ..\obj\stm32f4xx_syscfg.o
 .data          0x00000000        0x0 ..\obj\stm32f4xx_syscfg.o
 .bss           0x00000000        0x0 ..\obj\stm32f4xx_syscfg.o
 .text.SYSCFG_DeInit
                0x00000000       0x1c ..\obj\stm32f4xx_syscfg.o
 .text.SYSCFG_MemoryRemapConfig
                0x00000000       0x20 ..\obj\stm32f4xx_syscfg.o
 .text.SYSCFG_EXTILineConfig
                0x00000000       0x7c ..\obj\stm32f4xx_syscfg.o
 .text.SYSCFG_ETH_MediaInterfaceConfig
                0x00000000       0x1c ..\obj\stm32f4xx_syscfg.o
 .text.SYSCFG_CompensationCellCmd
                0x00000000       0x20 ..\obj\stm32f4xx_syscfg.o
 .text.SYSCFG_GetCompensationCellStatus
                0x00000000       0x34 ..\obj\stm32f4xx_syscfg.o
 .debug_info    0x00000000      0x26c ..\obj\stm32f4xx_syscfg.o
 .debug_abbrev  0x00000000      0x131 ..\obj\stm32f4xx_syscfg.o
 .debug_aranges
                0x00000000       0x48 ..\obj\stm32f4xx_syscfg.o
 .debug_ranges  0x00000000       0x38 ..\obj\stm32f4xx_syscfg.o
 .debug_line    0x00000000      0x1fa ..\obj\stm32f4xx_syscfg.o
 .debug_str     0x00000000      0x2f0 ..\obj\stm32f4xx_syscfg.o
 .comment       0x00000000       0x71 ..\obj\stm32f4xx_syscfg.o
 .ARM.attributes
                0x00000000       0x33 ..\obj\stm32f4xx_syscfg.o
 .debug_frame   0x00000000       0xbc ..\obj\stm32f4xx_syscfg.o
 .text          0x00000000        0x0 ..\obj\stm32f4_discovery_audio_codec.o
 .bss           0x00000000        0x8 ..\obj\stm32f4_discovery_audio_codec.o
 .text.EVAL_AUDIO_SetAudioInterface
                0x00000000      0x100 ..\obj\stm32f4_discovery_audio_codec.o
 .text.EVAL_AUDIO_Init
                0x00000000       0x58 ..\obj\stm32f4_discovery_audio_codec.o
 .text.EVAL_AUDIO_DeInit
                0x00000000       0x14 ..\obj\stm32f4_discovery_audio_codec.o
 .text.EVAL_AUDIO_Play
                0x00000000       0x78 ..\obj\stm32f4_discovery_audio_codec.o
 .text.EVAL_AUDIO_PauseResume
                0x00000000       0x2c ..\obj\stm32f4_discovery_audio_codec.o
 .text.EVAL_AUDIO_Stop
                0x00000000       0x38 ..\obj\stm32f4_discovery_audio_codec.o
 .text.EVAL_AUDIO_VolumeCtl
                0x00000000       0x40 ..\obj\stm32f4_discovery_audio_codec.o
 .text.EVAL_AUDIO_Mute
                0x00000000       0x18 ..\obj\stm32f4_discovery_audio_codec.o
 .text.Codec_Init
                0x00000000      0x158 ..\obj\stm32f4_discovery_audio_codec.o
 .text.Codec_DeInit
                0x00000000       0x34 ..\obj\stm32f4_discovery_audio_codec.o
 .text.Codec_Play
                0x00000000       0x10 ..\obj\stm32f4_discovery_audio_codec.o
 .text.Codec_PauseResume
                0x00000000       0x74 ..\obj\stm32f4_discovery_audio_codec.o
 .text.Codec_Stop
                0x00000000       0x5c ..\obj\stm32f4_discovery_audio_codec.o
 .text.Codec_VolumeCtrl
                0x00000000       0x78 ..\obj\stm32f4_discovery_audio_codec.o
 .text.Codec_Mute
                0x00000000       0x48 ..\obj\stm32f4_discovery_audio_codec.o
 .text.Codec_Reset
                0x00000000       0x28 ..\obj\stm32f4_discovery_audio_codec.o
 .text.Codec_WriteRegister
                0x00000000      0x160 ..\obj\stm32f4_discovery_audio_codec.o
 .text.Codec_ReadRegister
                0x00000000      0x208 ..\obj\stm32f4_discovery_audio_codec.o
 .text.Codec_CtrlInterface_Init
                0x00000000       0x54 ..\obj\stm32f4_discovery_audio_codec.o
 .text.Codec_CtrlInterface_DeInit
                0x00000000        0xc ..\obj\stm32f4_discovery_audio_codec.o
 .text.Codec_AudioInterface_Init
                0x00000000       0x80 ..\obj\stm32f4_discovery_audio_codec.o
 .text.Codec_AudioInterface_DeInit
                0x00000000       0x24 ..\obj\stm32f4_discovery_audio_codec.o
 .text.Codec_GPIO_Init
                0x00000000      0x120 ..\obj\stm32f4_discovery_audio_codec.o
 .text.Codec_GPIO_DeInit
                0x00000000       0x78 ..\obj\stm32f4_discovery_audio_codec.o
 .text.Delay    0x00000000       0x20 ..\obj\stm32f4_discovery_audio_codec.o
 .text.Audio_MAL_Init
                0x00000000      0x130 ..\obj\stm32f4_discovery_audio_codec.o
 .text.Audio_MAL_DeInit
                0x00000000       0x48 ..\obj\stm32f4_discovery_audio_codec.o
 .text.Audio_MAL_Play
                0x00000000       0x8c ..\obj\stm32f4_discovery_audio_codec.o
 .text.Audio_MAL_PauseResume
                0x00000000       0x64 ..\obj\stm32f4_discovery_audio_codec.o
 .text.Audio_MAL_Stop
                0x00000000       0x54 ..\obj\stm32f4_discovery_audio_codec.o
 .text.DAC_Config
                0x00000000       0x5c ..\obj\stm32f4_discovery_audio_codec.o
 .text          0x00000000        0x0 ..\obj\stm32f4xx_usart.o
 .data          0x00000000        0x0 ..\obj\stm32f4xx_usart.o
 .bss           0x00000000        0x0 ..\obj\stm32f4xx_usart.o
 .text.USART_DeInit
                0x00000000       0xd0 ..\obj\stm32f4xx_usart.o
 .text.USART_StructInit
                0x00000000       0x38 ..\obj\stm32f4xx_usart.o
 .text.USART_ClockInit
                0x00000000       0x54 ..\obj\stm32f4xx_usart.o
 .text.USART_ClockStructInit
                0x00000000       0x2c ..\obj\stm32f4xx_usart.o
 .text.USART_SetPrescaler
                0x00000000       0x38 ..\obj\stm32f4xx_usart.o
 .text.USART_OverSampling8Cmd
                0x00000000       0x44 ..\obj\stm32f4xx_usart.o
 .text.USART_OneBitMethodCmd
                0x00000000       0x40 ..\obj\stm32f4xx_usart.o
 .text.USART_ReceiveData
                0x00000000       0x20 ..\obj\stm32f4xx_usart.o
 .text.USART_SetAddress
                0x00000000       0x38 ..\obj\stm32f4xx_usart.o
 .text.USART_ReceiverWakeUpCmd
                0x00000000       0x40 ..\obj\stm32f4xx_usart.o
 .text.USART_WakeUpConfig
                0x00000000       0x38 ..\obj\stm32f4xx_usart.o
 .text.USART_LINBreakDetectLengthConfig
                0x00000000       0x38 ..\obj\stm32f4xx_usart.o
 .text.USART_LINCmd
                0x00000000       0x40 ..\obj\stm32f4xx_usart.o
 .text.USART_SendBreak
                0x00000000       0x24 ..\obj\stm32f4xx_usart.o
 .text.USART_HalfDuplexCmd
                0x00000000       0x40 ..\obj\stm32f4xx_usart.o
 .text.USART_SetGuardTime
                0x00000000       0x3c ..\obj\stm32f4xx_usart.o
 .text.USART_SmartCardCmd
                0x00000000       0x40 ..\obj\stm32f4xx_usart.o
 .text.USART_SmartCardNACKCmd
                0x00000000       0x40 ..\obj\stm32f4xx_usart.o
 .text.USART_IrDAConfig
                0x00000000       0x38 ..\obj\stm32f4xx_usart.o
 .text.USART_IrDACmd
                0x00000000       0x40 ..\obj\stm32f4xx_usart.o
 .text.USART_DMACmd
                0x00000000       0x48 ..\obj\stm32f4xx_usart.o
 .text.USART_ClearFlag
                0x00000000       0x20 ..\obj\stm32f4xx_usart.o
 .text.USART_ClearITPendingBit
                0x00000000       0x38 ..\obj\stm32f4xx_usart.o
 .text          0x00000000        0x0 ..\obj\stm32f4xx_dac.o
 .data          0x00000000        0x0 ..\obj\stm32f4xx_dac.o
 .bss           0x00000000        0x0 ..\obj\stm32f4xx_dac.o
 .text.DAC_DeInit
                0x00000000       0x1c ..\obj\stm32f4xx_dac.o
 .text.DAC_Init
                0x00000000       0x64 ..\obj\stm32f4xx_dac.o
 .text.DAC_StructInit
                0x00000000       0x2c ..\obj\stm32f4xx_dac.o
 .text.DAC_Cmd  0x00000000       0x48 ..\obj\stm32f4xx_dac.o
 .text.DAC_SoftwareTriggerCmd
                0x00000000       0x4c ..\obj\stm32f4xx_dac.o
 .text.DAC_DualSoftwareTriggerCmd
                0x00000000       0x38 ..\obj\stm32f4xx_dac.o
 .text.DAC_WaveGenerationCmd
                0x00000000       0x4c ..\obj\stm32f4xx_dac.o
 .text.DAC_SetChannel2Data
                0x00000000       0x34 ..\obj\stm32f4xx_dac.o
 .text.DAC_SetDualChannelData
                0x00000000       0x58 ..\obj\stm32f4xx_dac.o
 .text.DAC_GetDataOutputValue
                0x00000000       0x34 ..\obj\stm32f4xx_dac.o
 .text.DAC_DMACmd
                0x00000000       0x4c ..\obj\stm32f4xx_dac.o
 .text.DAC_ITConfig
                0x00000000       0x4c ..\obj\stm32f4xx_dac.o
 .text.DAC_GetFlagStatus
                0x00000000       0x3c ..\obj\stm32f4xx_dac.o
 .text.DAC_ClearFlag
                0x00000000       0x24 ..\obj\stm32f4xx_dac.o
 .text.DAC_GetITStatus
                0x00000000       0x58 ..\obj\stm32f4xx_dac.o
 .text.DAC_ClearITPendingBit
                0x00000000       0x24 ..\obj\stm32f4xx_dac.o
 .text          0x00000000        0x0 ..\obj\startup_stm32f4xx.o
 .data          0x00000000        0x0 ..\obj\startup_stm32f4xx.o
 .bss           0x00000000        0x0 ..\obj\startup_stm32f4xx.o
 .text          0x00000000        0x0 ..\obj\stm32f4_discovery.o
 .data          0x00000000       0x14 ..\obj\stm32f4_discovery.o
 .bss           0x00000000        0x0 ..\obj\stm32f4_discovery.o
 .rodata        0x00000000       0x30 ..\obj\stm32f4_discovery.o
 .text.STM_EVAL_LEDInit
                0x00000000       0x5c ..\obj\stm32f4_discovery.o
 .text.STM_EVAL_LEDOn
                0x00000000       0x30 ..\obj\stm32f4_discovery.o
 .text.STM_EVAL_LEDOff
                0x00000000       0x30 ..\obj\stm32f4_discovery.o
 .text.STM_EVAL_LEDToggle
                0x00000000       0x3c ..\obj\stm32f4_discovery.o
 .text.STM_EVAL_PBInit
                0x00000000       0x94 ..\obj\stm32f4_discovery.o
 .text.STM_EVAL_PBGetState
                0x00000000       0x2c ..\obj\stm32f4_discovery.o
 .debug_info    0x00000000      0x889 ..\obj\stm32f4_discovery.o
 .debug_abbrev  0x00000000      0x183 ..\obj\stm32f4_discovery.o
 .debug_aranges
                0x00000000       0x48 ..\obj\stm32f4_discovery.o
 .debug_ranges  0x00000000       0x38 ..\obj\stm32f4_discovery.o
 .debug_line    0x00000000      0x288 ..\obj\stm32f4_discovery.o
 .debug_str     0x00000000      0xb33 ..\obj\stm32f4_discovery.o
 .comment       0x00000000       0x71 ..\obj\stm32f4_discovery.o
 .ARM.attributes
                0x00000000       0x33 ..\obj\stm32f4_discovery.o
 .debug_frame   0x00000000       0xc4 ..\obj\stm32f4_discovery.o
 COMMON         0x00000000        0x4 ..\obj\stm32f4_discovery.o
 .text          0x00000000        0x0 ..\obj\main.o
 .data          0x00000000        0x0 ..\obj\main.o
 .text.TimingDelay_Decrement
                0x00000000       0x24 ..\obj\main.o
 .text          0x00000000        0x0 ..\obj\stm32f4xx_rcc.o
 .bss           0x00000000        0x0 ..\obj\stm32f4xx_rcc.o
 .text.RCC_DeInit
                0x00000000       0x50 ..\obj\stm32f4xx_rcc.o
 .text.RCC_HSEConfig
                0x00000000       0x24 ..\obj\stm32f4xx_rcc.o
 .text.RCC_WaitForHSEStartUp
                0x00000000       0x50 ..\obj\stm32f4xx_rcc.o
 .text.RCC_AdjustHSICalibrationValue
                0x00000000       0x3c ..\obj\stm32f4xx_rcc.o
 .text.RCC_HSICmd
                0x00000000       0x20 ..\obj\stm32f4xx_rcc.o
 .text.RCC_LSEConfig
                0x00000000       0x40 ..\obj\stm32f4xx_rcc.o
 .text.RCC_LSICmd
                0x00000000       0x20 ..\obj\stm32f4xx_rcc.o
 .text.RCC_PLLConfig
                0x00000000       0x3c ..\obj\stm32f4xx_rcc.o
 .text.RCC_PLLCmd
                0x00000000       0x20 ..\obj\stm32f4xx_rcc.o
 .text.RCC_PLLI2SConfig
                0x00000000       0x28 ..\obj\stm32f4xx_rcc.o
 .text.RCC_PLLI2SCmd
                0x00000000       0x20 ..\obj\stm32f4xx_rcc.o
 .text.RCC_ClockSecuritySystemCmd
                0x00000000       0x20 ..\obj\stm32f4xx_rcc.o
 .text.RCC_MCO1Config
                0x00000000       0x3c ..\obj\stm32f4xx_rcc.o
 .text.RCC_MCO2Config
                0x00000000       0x3c ..\obj\stm32f4xx_rcc.o
 .text.RCC_SYSCLKConfig
                0x00000000       0x38 ..\obj\stm32f4xx_rcc.o
 .text.RCC_GetSYSCLKSource
                0x00000000       0x20 ..\obj\stm32f4xx_rcc.o
 .text.RCC_HCLKConfig
                0x00000000       0x38 ..\obj\stm32f4xx_rcc.o
 .text.RCC_PCLK1Config
                0x00000000       0x38 ..\obj\stm32f4xx_rcc.o
 .text.RCC_PCLK2Config
                0x00000000       0x38 ..\obj\stm32f4xx_rcc.o
 .text.RCC_RTCCLKConfig
                0x00000000       0x5c ..\obj\stm32f4xx_rcc.o
 .text.RCC_RTCCLKCmd
                0x00000000       0x20 ..\obj\stm32f4xx_rcc.o
 .text.RCC_BackupResetCmd
                0x00000000       0x20 ..\obj\stm32f4xx_rcc.o
 .text.RCC_I2SCLKConfig
                0x00000000       0x1c ..\obj\stm32f4xx_rcc.o
 .text.RCC_AHB2PeriphClockCmd
                0x00000000       0x3c ..\obj\stm32f4xx_rcc.o
 .text.RCC_AHB3PeriphClockCmd
                0x00000000       0x3c ..\obj\stm32f4xx_rcc.o
 .text.RCC_APB1PeriphClockCmd
                0x00000000       0x3c ..\obj\stm32f4xx_rcc.o
 .text.RCC_AHB1PeriphResetCmd
                0x00000000       0x3c ..\obj\stm32f4xx_rcc.o
 .text.RCC_AHB2PeriphResetCmd
                0x00000000       0x3c ..\obj\stm32f4xx_rcc.o
 .text.RCC_AHB3PeriphResetCmd
                0x00000000       0x3c ..\obj\stm32f4xx_rcc.o
 .text.RCC_AHB1PeriphClockLPModeCmd
                0x00000000       0x3c ..\obj\stm32f4xx_rcc.o
 .text.RCC_AHB2PeriphClockLPModeCmd
                0x00000000       0x3c ..\obj\stm32f4xx_rcc.o
 .text.RCC_AHB3PeriphClockLPModeCmd
                0x00000000       0x3c ..\obj\stm32f4xx_rcc.o
 .text.RCC_APB1PeriphClockLPModeCmd
                0x00000000       0x3c ..\obj\stm32f4xx_rcc.o
 .text.RCC_APB2PeriphClockLPModeCmd
                0x00000000       0x3c ..\obj\stm32f4xx_rcc.o
 .text.RCC_ITConfig
                0x00000000       0x48 ..\obj\stm32f4xx_rcc.o
 .text.RCC_GetFlagStatus
                0x00000000       0x74 ..\obj\stm32f4xx_rcc.o
 .text.RCC_ClearFlag
                0x00000000       0x1c ..\obj\stm32f4xx_rcc.o
 .text.RCC_GetITStatus
                0x00000000       0x38 ..\obj\stm32f4xx_rcc.o
 .text.RCC_ClearITPendingBit
                0x00000000       0x20 ..\obj\stm32f4xx_rcc.o
 .text          0x00000000        0x0 ..\obj\printf.o
 .bss           0x00000000        0x0 ..\obj\printf.o
 .text.snprintf
                0x00000000       0x30 ..\obj\printf.o
 .text.fprintf  0x00000000       0x2c ..\obj\printf.o
 .text.sprintf  0x00000000       0x2c ..\obj\printf.o
 .text.puts     0x00000000       0x24 ..\obj\printf.o
 .text          0x00000000        0x0 ..\obj\stm32f4xx_gpio.o
 .data          0x00000000        0x0 ..\obj\stm32f4xx_gpio.o
 .bss           0x00000000        0x0 ..\obj\stm32f4xx_gpio.o
 .text.GPIO_DeInit
                0x00000000      0x120 ..\obj\stm32f4xx_gpio.o
 .text.GPIO_StructInit
                0x00000000       0x34 ..\obj\stm32f4xx_gpio.o
 .text.GPIO_PinLockConfig
                0x00000000       0x44 ..\obj\stm32f4xx_gpio.o
 .text.GPIO_ReadInputDataBit
                0x00000000       0x34 ..\obj\stm32f4xx_gpio.o
 .text.GPIO_ReadInputData
                0x00000000       0x1c ..\obj\stm32f4xx_gpio.o
 .text.GPIO_ReadOutputDataBit
                0x00000000       0x34 ..\obj\stm32f4xx_gpio.o
 .text.GPIO_ReadOutputData
                0x00000000       0x1c ..\obj\stm32f4xx_gpio.o
 .text.GPIO_WriteBit
                0x00000000       0x30 ..\obj\stm32f4xx_gpio.o
 .text.GPIO_Write
                0x00000000       0x1c ..\obj\stm32f4xx_gpio.o
 .text.GPIO_ToggleBits
                0x00000000       0x24 ..\obj\stm32f4xx_gpio.o
 .data          0x00000000        0x0 ..\obj\sh_cmd.o
 .bss           0x00000000        0x0 ..\obj\sh_cmd.o
 .text          0x00000000        0x0 ..\obj\system_stm32f4xx.o
 .data          0x00000000       0x14 ..\obj\system_stm32f4xx.o
 .bss           0x00000000        0x0 ..\obj\system_stm32f4xx.o
 .text.SystemInit
                0x00000000       0x58 ..\obj\system_stm32f4xx.o
 .text.SystemCoreClockUpdate
                0x00000000       0xf8 ..\obj\system_stm32f4xx.o
 .text.SetSysClock
                0x00000000       0xf4 ..\obj\system_stm32f4xx.o
 .debug_info    0x00000000      0x592 ..\obj\system_stm32f4xx.o
 .debug_abbrev  0x00000000      0x136 ..\obj\system_stm32f4xx.o
 .debug_aranges
                0x00000000       0x30 ..\obj\system_stm32f4xx.o
 .debug_ranges  0x00000000       0x20 ..\obj\system_stm32f4xx.o
 .debug_line    0x00000000      0x1ce ..\obj\system_stm32f4xx.o
 .debug_str     0x00000000      0x3a6 ..\obj\system_stm32f4xx.o
 .comment       0x00000000       0x71 ..\obj\system_stm32f4xx.o
 .ARM.attributes
                0x00000000       0x33 ..\obj\system_stm32f4xx.o
 .debug_frame   0x00000000       0x64 ..\obj\system_stm32f4xx.o
 .text          0x00000000        0x0 ..\obj\syscalls.o
 .data          0x00000000        0x0 ..\obj\syscalls.o
 .bss           0x00000000        0x4 ..\obj\syscalls.o
 .text._sbrk    0x00000000       0x40 ..\obj\syscalls.o
 .text.link     0x00000000       0x1c ..\obj\syscalls.o
 .text._close   0x00000000       0x18 ..\obj\syscalls.o
 .text._fstat   0x00000000       0x20 ..\obj\syscalls.o
 .text._isatty  0x00000000       0x18 ..\obj\syscalls.o
 .text._lseek   0x00000000       0x1c ..\obj\syscalls.o
 .text._read    0x00000000       0x1c ..\obj\syscalls.o
 .text._write   0x00000000       0x1c ..\obj\syscalls.o
 .text.abort    0x00000000        0x8 ..\obj\syscalls.o
 .debug_info    0x00000000      0x3ee ..\obj\syscalls.o
 .debug_abbrev  0x00000000       0xe2 ..\obj\syscalls.o
 .debug_aranges
                0x00000000       0x60 ..\obj\syscalls.o
 .debug_ranges  0x00000000       0x50 ..\obj\syscalls.o
 .debug_line    0x00000000      0x164 ..\obj\syscalls.o
 .debug_str     0x00000000      0x2cc ..\obj\syscalls.o
 .comment       0x00000000       0x71 ..\obj\syscalls.o
 .ARM.attributes
                0x00000000       0x33 ..\obj\syscalls.o
 .debug_frame   0x00000000      0x108 ..\obj\syscalls.o
 .text          0x00000000        0x0 ..\obj\stm32f4xx_dma.o
 .data          0x00000000        0x0 ..\obj\stm32f4xx_dma.o
 .bss           0x00000000        0x0 ..\obj\stm32f4xx_dma.o
 .text.DMA_DeInit
                0x00000000      0x1a4 ..\obj\stm32f4xx_dma.o
 .text.DMA_StructInit
                0x00000000       0x6c ..\obj\stm32f4xx_dma.o
 .text.DMA_PeriphIncOffsetSizeConfig
                0x00000000       0x34 ..\obj\stm32f4xx_dma.o
 .text.DMA_FlowControllerConfig
                0x00000000       0x34 ..\obj\stm32f4xx_dma.o
 .text.DMA_SetCurrDataCounter
                0x00000000       0x1c ..\obj\stm32f4xx_dma.o
 .text.DMA_GetCurrDataCounter
                0x00000000       0x1c ..\obj\stm32f4xx_dma.o
 .text.DMA_DoubleBufferModeConfig
                0x00000000       0x3c ..\obj\stm32f4xx_dma.o
 .text.DMA_DoubleBufferModeCmd
                0x00000000       0x38 ..\obj\stm32f4xx_dma.o
 .text.DMA_MemoryTargetConfig
                0x00000000       0x2c ..\obj\stm32f4xx_dma.o
 .text.DMA_GetCurrentMemoryTarget
                0x00000000       0x30 ..\obj\stm32f4xx_dma.o
 .text.DMA_GetFIFOStatus
                0x00000000       0x24 ..\obj\stm32f4xx_dma.o
 .text.DMA_ITConfig
                0x00000000       0x74 ..\obj\stm32f4xx_dma.o
 .text.DMA_GetITStatus
                0x00000000       0xb0 ..\obj\stm32f4xx_dma.o
 .text.DMA_ClearITPendingBit
                0x00000000       0x5c ..\obj\stm32f4xx_dma.o
 .text          0x00000000        0x0 ..\obj\stm32f4_discovery_callbacks.o
 .data          0x00000000        0x0 ..\obj\stm32f4_discovery_callbacks.o
 .bss           0x00000000        0x0 ..\obj\stm32f4_discovery_callbacks.o
 .text          0x00000000        0x0 ..\obj\stm32f4xx_spi.o
 .data          0x00000000        0x0 ..\obj\stm32f4xx_spi.o
 .bss           0x00000000        0x0 ..\obj\stm32f4xx_spi.o
 .text.I2S_Init
                0x00000000      0x1b0 ..\obj\stm32f4xx_spi.o
 .text.SPI_StructInit
                0x00000000       0x48 ..\obj\stm32f4xx_spi.o
 .text.I2S_StructInit
                0x00000000       0x38 ..\obj\stm32f4xx_spi.o
 .text.I2S_Cmd  0x00000000       0x40 ..\obj\stm32f4xx_spi.o
 .text.SPI_DataSizeConfig
                0x00000000       0x38 ..\obj\stm32f4xx_spi.o
 .text.SPI_BiDirectionalLineConfig
                0x00000000       0x40 ..\obj\stm32f4xx_spi.o
 .text.SPI_NSSInternalSoftwareConfig
                0x00000000       0x44 ..\obj\stm32f4xx_spi.o
 .text.SPI_SSOutputCmd
                0x00000000       0x40 ..\obj\stm32f4xx_spi.o
 .text.SPI_TIModeCmd
                0x00000000       0x40 ..\obj\stm32f4xx_spi.o
 .text.I2S_FullDuplexConfig
                0x00000000       0x9c ..\obj\stm32f4xx_spi.o
 .text.SPI_CalculateCRC
                0x00000000       0x40 ..\obj\stm32f4xx_spi.o
 .text.SPI_TransmitCRC
                0x00000000       0x24 ..\obj\stm32f4xx_spi.o
 .text.SPI_GetCRC
                0x00000000       0x34 ..\obj\stm32f4xx_spi.o
 .text.SPI_GetCRCPolynomial
                0x00000000       0x1c ..\obj\stm32f4xx_spi.o
 .text.SPI_I2S_DMACmd
                0x00000000       0x48 ..\obj\stm32f4xx_spi.o
 .text.SPI_I2S_ITConfig
                0x00000000       0x60 ..\obj\stm32f4xx_spi.o
 .text.SPI_I2S_ClearFlag
                0x00000000       0x20 ..\obj\stm32f4xx_spi.o
 .text.SPI_I2S_GetITStatus
                0x00000000       0x78 ..\obj\stm32f4xx_spi.o
 .text.SPI_I2S_ClearITPendingBit
                0x00000000       0x34 ..\obj\stm32f4xx_spi.o
 .text          0x00000000        0x0 ..\obj\stm32f4xx_i2c.o
 .data          0x00000000        0x0 ..\obj\stm32f4xx_i2c.o
 .bss           0x00000000        0x0 ..\obj\stm32f4xx_i2c.o
 .text.I2C_DeInit
                0x00000000       0x74 ..\obj\stm32f4xx_i2c.o
 .text.I2C_Init
                0x00000000      0x184 ..\obj\stm32f4xx_i2c.o
 .text.I2C_StructInit
                0x00000000       0x3c ..\obj\stm32f4xx_i2c.o
 .text.I2C_Cmd  0x00000000       0x40 ..\obj\stm32f4xx_i2c.o
 .text.I2C_GenerateSTART
                0x00000000       0x40 ..\obj\stm32f4xx_i2c.o
 .text.I2C_GenerateSTOP
                0x00000000       0x40 ..\obj\stm32f4xx_i2c.o
 .text.I2C_Send7bitAddress
                0x00000000       0x3c ..\obj\stm32f4xx_i2c.o
 .text.I2C_AcknowledgeConfig
                0x00000000       0x40 ..\obj\stm32f4xx_i2c.o
 .text.I2C_OwnAddress2Config
                0x00000000       0x40 ..\obj\stm32f4xx_i2c.o
 .text.I2C_DualAddressCmd
                0x00000000       0x40 ..\obj\stm32f4xx_i2c.o
 .text.I2C_GeneralCallCmd
                0x00000000       0x40 ..\obj\stm32f4xx_i2c.o
 .text.I2C_SoftwareResetCmd
                0x00000000       0x44 ..\obj\stm32f4xx_i2c.o
 .text.I2C_StretchClockCmd
                0x00000000       0x40 ..\obj\stm32f4xx_i2c.o
 .text.I2C_FastModeDutyCycleConfig
                0x00000000       0x40 ..\obj\stm32f4xx_i2c.o
 .text.I2C_NACKPositionConfig
                0x00000000       0x40 ..\obj\stm32f4xx_i2c.o
 .text.I2C_SMBusAlertConfig
                0x00000000       0x40 ..\obj\stm32f4xx_i2c.o
 .text.I2C_ARPCmd
                0x00000000       0x40 ..\obj\stm32f4xx_i2c.o
 .text.I2C_SendData
                0x00000000       0x20 ..\obj\stm32f4xx_i2c.o
 .text.I2C_ReceiveData
                0x00000000       0x1c ..\obj\stm32f4xx_i2c.o
 .text.I2C_TransmitPEC
                0x00000000       0x40 ..\obj\stm32f4xx_i2c.o
 .text.I2C_PECPositionConfig
                0x00000000       0x40 ..\obj\stm32f4xx_i2c.o
 .text.I2C_CalculatePEC
                0x00000000       0x40 ..\obj\stm32f4xx_i2c.o
 .text.I2C_GetPEC
                0x00000000       0x20 ..\obj\stm32f4xx_i2c.o
 .text.I2C_DMACmd
                0x00000000       0x40 ..\obj\stm32f4xx_i2c.o
 .text.I2C_DMALastTransferCmd
                0x00000000       0x40 ..\obj\stm32f4xx_i2c.o
 .text.I2C_ReadRegister
                0x00000000       0x30 ..\obj\stm32f4xx_i2c.o
 .text.I2C_ITConfig
                0x00000000       0x48 ..\obj\stm32f4xx_i2c.o
 .text.I2C_CheckEvent
                0x00000000       0x60 ..\obj\stm32f4xx_i2c.o
 .text.I2C_GetLastEvent
                0x00000000       0x44 ..\obj\stm32f4xx_i2c.o
 .text.I2C_GetFlagStatus
                0x00000000       0x68 ..\obj\stm32f4xx_i2c.o
 .text.I2C_ClearFlag
                0x00000000       0x2c ..\obj\stm32f4xx_i2c.o
 .text.I2C_GetITStatus
                0x00000000       0x5c ..\obj\stm32f4xx_i2c.o
 .text.I2C_ClearITPendingBit
                0x00000000       0x2c ..\obj\stm32f4xx_i2c.o
 .debug_info    0x00000000      0xaf4 ..\obj\stm32f4xx_i2c.o
 .debug_abbrev  0x00000000      0x164 ..\obj\stm32f4xx_i2c.o
 .debug_aranges
                0x00000000      0x120 ..\obj\stm32f4xx_i2c.o
 .debug_ranges  0x00000000      0x110 ..\obj\stm32f4xx_i2c.o
 .debug_line    0x00000000      0x4ba ..\obj\stm32f4xx_i2c.o
 .debug_str     0x00000000      0x661 ..\obj\stm32f4xx_i2c.o
 .comment       0x00000000       0x71 ..\obj\stm32f4xx_i2c.o
 .ARM.attributes
                0x00000000       0x33 ..\obj\stm32f4xx_i2c.o
 .debug_frame   0x00000000      0x3b4 ..\obj\stm32f4xx_i2c.o
 .text          0x00000000        0x0 ..\obj\stm32f4xx_exti.o
 .data          0x00000000        0x0 ..\obj\stm32f4xx_exti.o
 .bss           0x00000000        0x0 ..\obj\stm32f4xx_exti.o
 .text.EXTI_DeInit
                0x00000000       0x34 ..\obj\stm32f4xx_exti.o
 .text.EXTI_Init
                0x00000000       0xdc ..\obj\stm32f4xx_exti.o
 .text.EXTI_StructInit
                0x00000000       0x2c ..\obj\stm32f4xx_exti.o
 .text.EXTI_GenerateSWInterrupt
                0x00000000       0x24 ..\obj\stm32f4xx_exti.o
 .text.EXTI_GetFlagStatus
                0x00000000       0x34 ..\obj\stm32f4xx_exti.o
 .text.EXTI_ClearFlag
                0x00000000       0x1c ..\obj\stm32f4xx_exti.o
 .text.EXTI_GetITStatus
                0x00000000       0x48 ..\obj\stm32f4xx_exti.o
 .text.EXTI_ClearITPendingBit
                0x00000000       0x1c ..\obj\stm32f4xx_exti.o
 .debug_info    0x00000000      0x347 ..\obj\stm32f4xx_exti.o
 .debug_abbrev  0x00000000      0x1a5 ..\obj\stm32f4xx_exti.o
 .debug_aranges
                0x00000000       0x58 ..\obj\stm32f4xx_exti.o
 .debug_ranges  0x00000000       0x48 ..\obj\stm32f4xx_exti.o
 .debug_line    0x00000000      0x284 ..\obj\stm32f4xx_exti.o
 .debug_str     0x00000000      0x355 ..\obj\stm32f4xx_exti.o
 .comment       0x00000000       0x71 ..\obj\stm32f4xx_exti.o
 .ARM.attributes
                0x00000000       0x33 ..\obj\stm32f4xx_exti.o
 .debug_frame   0x00000000       0xec ..\obj\stm32f4xx_exti.o
 .text          0x00000000        0x0 ..\obj\misc.o
 .data          0x00000000        0x0 ..\obj\misc.o
 .bss           0x00000000        0x0 ..\obj\misc.o
 .text.NVIC_PriorityGroupConfig
                0x00000000       0x24 ..\obj\misc.o
 .text.NVIC_SetVectorTable
                0x00000000       0x2c ..\obj\misc.o
 .text.NVIC_SystemLPConfig
                0x00000000       0x40 ..\obj\misc.o
 .text.SysTick_CLKSourceConfig
                0x00000000       0x38 ..\obj\misc.o
 .text          0x00000000        0x0 ..\obj\stm32f4_discovery_lis302dl.o
 .bss           0x00000000        0x0 ..\obj\stm32f4_discovery_lis302dl.o
 .text.LIS302DL_InterruptConfig
                0x00000000       0x44 ..\obj\stm32f4_discovery_lis302dl.o
 .text.LIS302DL_LowpowerCmd
                0x00000000       0x40 ..\obj\stm32f4_discovery_lis302dl.o
 .text.LIS302DL_DataRateCmd
                0x00000000       0x40 ..\obj\stm32f4_discovery_lis302dl.o
 .text.LIS302DL_FullScaleCmd
                0x00000000       0x40 ..\obj\stm32f4_discovery_lis302dl.o
 .text.LIS302DL_RebootCmd
                0x00000000       0x30 ..\obj\stm32f4_discovery_lis302dl.o
 .text.LIS302DL_ReadACC
                0x00000000       0xb4 ..\obj\stm32f4_discovery_lis302dl.o

Memory Configuration

Name             Origin             Length             Attributes
rom              0x08000000         0x00100000         xr
ram              0x20000000         0x00020000         xrw
ram1             0x10000000         0x00010000         xrw
*default*        0x00000000         0xffffffff

Linker script and memory map

                0x20020000                _eram = 0x20020000

.text           0x08000000     0x1c7c
 *(.isr_vector)
 .isr_vector    0x08000000      0x188 ..\obj\startup_stm32f4xx.o
                0x08000000                g_pfnVectors
 *(.text*)
 .text.Audio_MAL_IRQHandler
                0x08000188       0xf8 ..\obj\stm32f4_discovery_audio_codec.o
 .text.DMA1_Stream7_IRQHandler
                0x08000280        0xc ..\obj\stm32f4_discovery_audio_codec.o
                0x08000280                DMA1_Stream7_IRQHandler
 .text.DMA1_Stream0_IRQHandler
                0x0800028c        0xc ..\obj\stm32f4_discovery_audio_codec.o
                0x0800028c                DMA1_Stream0_IRQHandler
 .text.SPI3_IRQHandler
                0x08000298       0x40 ..\obj\stm32f4_discovery_audio_codec.o
                0x08000298                SPI3_IRQHandler
 .text.USART_Init
                0x080002d8      0x174 ..\obj\stm32f4xx_usart.o
                0x080002d8                USART_Init
 .text.USART_Cmd
                0x0800044c       0x40 ..\obj\stm32f4xx_usart.o
                0x0800044c                USART_Cmd
 .text.USART_SendData
                0x0800048c       0x24 ..\obj\stm32f4xx_usart.o
                0x0800048c                USART_SendData
 .text.USART_ITConfig
                0x080004b0       0x90 ..\obj\stm32f4xx_usart.o
                0x080004b0                USART_ITConfig
 .text.USART_GetFlagStatus
                0x08000540       0x38 ..\obj\stm32f4xx_usart.o
                0x08000540                USART_GetFlagStatus
 .text.USART_GetITStatus
                0x08000578       0xb0 ..\obj\stm32f4xx_usart.o
                0x08000578                USART_GetITStatus
 .text.DAC_SetChannel1Data
                0x08000628       0x34 ..\obj\stm32f4xx_dac.o
                0x08000628                DAC_SetChannel1Data
 .text.Default_Reset_Handler
                0x0800065c       0x5c ..\obj\startup_stm32f4xx.o
                0x0800065c                Default_Reset_Handler
                0x0800065c                Reset_Handler
 .text.Default_Handler
                0x080006b8        0x8 ..\obj\startup_stm32f4xx.o
                0x080006b8                RTC_Alarm_IRQHandler
                0x080006b8                HASH_RNG_IRQHandler
                0x080006b8                EXTI2_IRQHandler
                0x080006b8                TIM8_CC_IRQHandler
                0x080006b8                DebugMon_Handler
                0x080006b8                TIM1_CC_IRQHandler
                0x080006b8                DMA2_Stream5_IRQHandler
                0x080006b8                DMA1_Stream5_IRQHandler
                0x080006b8                SysTick_Handler
                0x080006b8                PVD_IRQHandler
                0x080006b8                SDIO_IRQHandler
                0x080006b8                TAMP_STAMP_IRQHandler
                0x080006b8                PendSV_Handler
                0x080006b8                NMI_Handler
                0x080006b8                CAN2_RX1_IRQHandler
                0x080006b8                EXTI3_IRQHandler
                0x080006b8                TIM8_TRG_COM_TIM14_IRQHandler
                0x080006b8                TIM1_UP_TIM10_IRQHandler
                0x080006b8                TIM8_UP_TIM13_IRQHandler
                0x080006b8                I2C3_ER_IRQHandler
                0x080006b8                EXTI0_IRQHandler
                0x080006b8                I2C2_EV_IRQHandler
                0x080006b8                DMA1_Stream2_IRQHandler
                0x080006b8                CAN1_RX0_IRQHandler
                0x080006b8                FPU_IRQHandler
                0x080006b8                OTG_HS_WKUP_IRQHandler
                0x080006b8                UsageFault_Handler
                0x080006b8                CAN2_SCE_IRQHandler
                0x080006b8                DMA2_Stream2_IRQHandler
                0x080006b8                SPI1_IRQHandler
                0x080006b8                TIM6_DAC_IRQHandler
                0x080006b8                TIM1_BRK_TIM9_IRQHandler
                0x080006b8                DCMI_IRQHandler
                0x080006b8                CAN2_RX0_IRQHandler
                0x080006b8                DMA2_Stream3_IRQHandler
                0x080006b8                USART6_IRQHandler
                0x080006b8                USART3_IRQHandler
                0x080006b8                CRYP_IRQHandler
                0x080006b8                CAN1_RX1_IRQHandler
                0x080006b8                UART5_IRQHandler
                0x080006b8                DMA2_Stream0_IRQHandler
                0x080006b8                TIM4_IRQHandler
                0x080006b8                I2C1_EV_IRQHandler
                0x080006b8                DMA1_Stream6_IRQHandler
                0x080006b8                DMA1_Stream1_IRQHandler
                0x080006b8                UART4_IRQHandler
                0x080006b8                TIM3_IRQHandler
                0x080006b8                RCC_IRQHandler
                0x080006b8                TIM8_BRK_TIM12_IRQHandler
                0x080006b8                EXTI15_10_IRQHandler
                0x080006b8                ADC_IRQHandler
                0x080006b8                TIM7_IRQHandler
                0x080006b8                CAN2_TX_IRQHandler
                0x080006b8                TIM5_IRQHandler
                0x080006b8                DMA2_Stream7_IRQHandler
                0x080006b8                I2C3_EV_IRQHandler
                0x080006b8                EXTI9_5_IRQHandler
                0x080006b8                RTC_WKUP_IRQHandler
                0x080006b8                ETH_WKUP_IRQHandler
                0x080006b8                SPI2_IRQHandler
                0x080006b8                OTG_HS_EP1_IN_IRQHandler
                0x080006b8                MemManage_Handler
                0x080006b8                CAN1_TX_IRQHandler
                0x080006b8                SVC_Handler
                0x080006b8                EXTI4_IRQHandler
                0x080006b8                FSMC_IRQHandler
                0x080006b8                ETH_IRQHandler
                0x080006b8                OTG_HS_EP1_OUT_IRQHandler
                0x080006b8                WWDG_IRQHandler
                0x080006b8                TIM2_IRQHandler
                0x080006b8                OTG_FS_WKUP_IRQHandler
                0x080006b8                TIM1_TRG_COM_TIM11_IRQHandler
                0x080006b8                OTG_HS_IRQHandler
                0x080006b8                EXTI1_IRQHandler
                0x080006b8                USART2_IRQHandler
                0x080006b8                I2C2_ER_IRQHandler
                0x080006b8                DMA2_Stream1_IRQHandler
                0x080006b8                CAN1_SCE_IRQHandler
                0x080006b8                FLASH_IRQHandler
                0x080006b8                DMA2_Stream4_IRQHandler
                0x080006b8                BusFault_Handler
                0x080006b8                OTG_FS_IRQHandler
                0x080006b8                DMA1_Stream4_IRQHandler
                0x080006b8                I2C1_ER_IRQHandler
                0x080006b8                DMA2_Stream6_IRQHandler
                0x080006b8                DMA1_Stream3_IRQHandler
 .text.main     0x080006c0       0x8c ..\obj\main.o
                0x080006c0                main
 .text.USART1_IRQHandler
                0x0800074c       0xa8 ..\obj\main.o
                0x0800074c                USART1_IRQHandler
 .text.UARTSend
                0x080007f4       0x40 ..\obj\main.o
                0x080007f4                UARTSend
 .text.LIS302DL_TIMEOUT_UserCallback
                0x08000834        0x8 ..\obj\main.o
                0x08000834                LIS302DL_TIMEOUT_UserCallback
 .text.init_LIS302DL
                0x0800083c       0x50 ..\obj\main.o
                0x0800083c                init_LIS302DL
 .text.init_USART1
                0x0800088c       0xb4 ..\obj\main.o
                0x0800088c                init_USART1
 .text.initPD15
                0x08000940       0x38 ..\obj\main.o
                0x08000940                initPD15
 .text.Delay    0x08000978       0x20 ..\obj\main.o
                0x08000978                Delay
 .text.RCC_GetClocksFreq
                0x08000998      0x154 ..\obj\stm32f4xx_rcc.o
                0x08000998                RCC_GetClocksFreq
 .text.RCC_AHB1PeriphClockCmd
                0x08000aec       0x3c ..\obj\stm32f4xx_rcc.o
                0x08000aec                RCC_AHB1PeriphClockCmd
 .text.RCC_APB2PeriphClockCmd
                0x08000b28       0x3c ..\obj\stm32f4xx_rcc.o
                0x08000b28                RCC_APB2PeriphClockCmd
 .text.RCC_APB1PeriphResetCmd
                0x08000b64       0x3c ..\obj\stm32f4xx_rcc.o
                0x08000b64                RCC_APB1PeriphResetCmd
 .text.RCC_APB2PeriphResetCmd
                0x08000ba0       0x3c ..\obj\stm32f4xx_rcc.o
                0x08000ba0                RCC_APB2PeriphResetCmd
 .text.PrintChar
                0x08000bdc       0x14 ..\obj\printf.o
                0x08000bdc                PrintChar
 .text.PutChar  0x08000bf0       0x20 ..\obj\printf.o
                0x08000bf0                PutChar
 .text.PutString
                0x08000c10       0x3c ..\obj\printf.o
                0x08000c10                PutString
 .text.PutUnsignedInt
                0x08000c4c       0xa0 ..\obj\printf.o
                0x08000c4c                PutUnsignedInt
 .text.PutSignedInt
                0x08000cec       0xfc ..\obj\printf.o
                0x08000cec                PutSignedInt
 .text.PutHexa  0x08000de8       0xd4 ..\obj\printf.o
                0x08000de8                PutHexa
 .text.vsnprintf
                0x08000ebc      0x254 ..\obj\printf.o
                0x08000ebc                vsnprintf
 .text.vsprintf
                0x08001110       0x24 ..\obj\printf.o
                0x08001110                vsprintf
 .text.vfprintf
                0x08001134       0x68 ..\obj\printf.o
                0x08001134                vfprintf
 .text.vprintf  0x0800119c       0x28 ..\obj\printf.o
                0x0800119c                vprintf
 .text.printf   0x080011c4       0x28 ..\obj\printf.o
                0x080011c4                printf
 .text.fputc    0x080011ec       0x40 ..\obj\printf.o
                0x080011ec                fputc
 .text.fputs    0x0800122c       0x48 ..\obj\printf.o
                0x0800122c                fputs
 .text.GPIO_Init
                0x08001274      0x11c ..\obj\stm32f4xx_gpio.o
                0x08001274                GPIO_Init
 .text.GPIO_SetBits
                0x08001390       0x1c ..\obj\stm32f4xx_gpio.o
                0x08001390                GPIO_SetBits
 .text.GPIO_ResetBits
                0x080013ac       0x1c ..\obj\stm32f4xx_gpio.o
                0x080013ac                GPIO_ResetBits
 .text.GPIO_PinAFConfig
                0x080013c8       0x8c ..\obj\stm32f4xx_gpio.o
                0x080013c8                GPIO_PinAFConfig
 .text          0x08001454       0x30 ..\obj\sh_cmd.o
                0x08001454                SH_DoCommand
                0x0800146a                HardFault_Handler
 .text.DMA_Init
                0x08001484       0xac ..\obj\stm32f4xx_dma.o
                0x08001484                DMA_Init
 .text.DMA_Cmd  0x08001530       0x38 ..\obj\stm32f4xx_dma.o
                0x08001530                DMA_Cmd
 .text.DMA_GetCmdStatus
                0x08001568       0x30 ..\obj\stm32f4xx_dma.o
                0x08001568                DMA_GetCmdStatus
 .text.DMA_GetFlagStatus
                0x08001598       0x78 ..\obj\stm32f4xx_dma.o
                0x08001598                DMA_GetFlagStatus
 .text.DMA_ClearFlag
                0x08001610       0x5c ..\obj\stm32f4xx_dma.o
                0x08001610                DMA_ClearFlag
 .text.EVAL_AUDIO_TransferComplete_CallBack
                0x0800166c       0x14 ..\obj\stm32f4_discovery_callbacks.o
                0x0800166c                EVAL_AUDIO_TransferComplete_CallBack
 .text.EVAL_AUDIO_GetSampleCallBack
                0x08001680       0x10 ..\obj\stm32f4_discovery_callbacks.o
                0x08001680                EVAL_AUDIO_GetSampleCallBack
 .text.SPI_I2S_DeInit
                0x08001690       0x74 ..\obj\stm32f4xx_spi.o
                0x08001690                SPI_I2S_DeInit
 .text.SPI_Init
                0x08001704       0x88 ..\obj\stm32f4xx_spi.o
                0x08001704                SPI_Init
 .text.SPI_Cmd  0x0800178c       0x40 ..\obj\stm32f4xx_spi.o
                0x0800178c                SPI_Cmd
 .text.SPI_I2S_ReceiveData
                0x080017cc       0x1c ..\obj\stm32f4xx_spi.o
                0x080017cc                SPI_I2S_ReceiveData
 .text.SPI_I2S_SendData
                0x080017e8       0x1c ..\obj\stm32f4xx_spi.o
                0x080017e8                SPI_I2S_SendData
 .text.SPI_I2S_GetFlagStatus
                0x08001804       0x38 ..\obj\stm32f4xx_spi.o
                0x08001804                SPI_I2S_GetFlagStatus
 .text.NVIC_Init
                0x0800183c       0xbc ..\obj\misc.o
                0x0800183c                NVIC_Init
 .text.LIS302DL_Init
                0x080018f8       0x4c ..\obj\stm32f4_discovery_lis302dl.o
                0x080018f8                LIS302DL_Init
 .text.LIS302DL_FilterConfig
                0x08001944       0x54 ..\obj\stm32f4_discovery_lis302dl.o
                0x08001944                LIS302DL_FilterConfig
 .text.LIS302DL_Write
                0x08001998       0x60 ..\obj\stm32f4_discovery_lis302dl.o
                0x08001998                LIS302DL_Write
 .text.LIS302DL_Read
                0x080019f8       0x6c ..\obj\stm32f4_discovery_lis302dl.o
                0x080019f8                LIS302DL_Read
 .text.LIS302DL_LowLevel_Init
                0x08001a64      0x134 ..\obj\stm32f4_discovery_lis302dl.o
 .text.LIS302DL_SendByte
                0x08001b98       0x90 ..\obj\stm32f4_discovery_lis302dl.o
 *(.init)
 *(.fini)
 *crtbegin.o(.ctors)
 *crtbegin?.o(.ctors)
 *(EXCLUDE_FILE(*crtend.o *crtend?.o) .ctors)
 *(SORT(.ctors.*))
 *(.ctors)
 *crtbegin.o(.dtors)
 *crtbegin?.o(.dtors)
 *(EXCLUDE_FILE(*crtend.o *crtend?.o) .dtors)
 *(SORT(.dtors.*))
 *(.dtors)
 *(.rodata*)
 .rodata        0x08001c28       0x30 ..\obj\main.o
 .rodata        0x08001c58       0x24 ..\obj\printf.o
 *(.eh_fram e*)

.glue_7         0x08001c7c        0x0
 .glue_7        0x00000000        0x0 linker stubs

.glue_7t        0x08001c7c        0x0
 .glue_7t       0x00000000        0x0 linker stubs

.vfp11_veneer   0x08001c7c        0x0
 .vfp11_veneer  0x00000000        0x0 linker stubs

.v4_bx          0x08001c7c        0x0
 .v4_bx         0x00000000        0x0 linker stubs

.iplt           0x08001c7c        0x0
 .iplt          0x00000000        0x0 ..\obj\semihosting.o

.rel.dyn        0x08001c7c        0x0
 .rel.iplt      0x00000000        0x0 ..\obj\semihosting.o

.ARM.extab
 *(.ARM.extab* .gnu.linkonce.armextab.*)
                0x08001c7c                __exidx_start = .

.ARM.exidx
 *(.ARM.exidx* .gnu.linkonce.armexidx.*)
                0x08001c7c                __exidx_end = .
                0x08001c7c                __etext = .
                0x08001c7c                _sidata = __etext

.data           0x20000000      0x47c load address 0x08001c7c
                0x20000000                __data_start__ = .
                0x20000000                _sdata = __data_start__
 *(vtable)
 *(.data*)
 .data          0x20000000       0x34 ..\obj\stm32f4_discovery_audio_codec.o
                0x20000000                AudioTotalSize
                0x20000004                AudioRemSize
                0x20000008                CODECTimeout
                0x2000000c                CurrAudioInterface
                0x20000010                AUDIO_MAL_DMA_CLOCK
                0x20000014                AUDIO_MAL_DMA_STREAM
                0x20000018                AUDIO_MAL_DMA_DREG
                0x2000001c                AUDIO_MAL_DMA_IRQ
                0x20000020                AUDIO_MAL_DMA_FLAG_TC
                0x20000024                AUDIO_MAL_DMA_FLAG_HT
                0x20000028                AUDIO_MAL_DMA_FLAG_FE
                0x2000002c                AUDIO_MAL_DMA_FLAG_TE
                0x20000030                AUDIO_MAL_DMA_FLAG_DME
 .data          0x20000034       0x10 ..\obj\stm32f4xx_rcc.o
 *fill*         0x20000044        0x4 
 .data          0x20000048      0x430 ..\obj\printf.o
                0x20000048                r
                0x20000470                _impure_ptr
 .data          0x20000478        0x4 ..\obj\stm32f4_discovery_lis302dl.o
                0x20000478                LIS302DLTimeout
                0x2000047c                . = ALIGN (0x4)
                0x2000047c                PROVIDE (__preinit_array_start, .)
 *(.preinit_array)
                0x2000047c                PROVIDE (__preinit_array_end, .)
                0x2000047c                . = ALIGN (0x4)
                0x2000047c                PROVIDE (__init_array_start, .)
 *(SORT(.init_array.*))
 *(.init_array)
                0x2000047c                PROVIDE (__init_array_end, .)
                0x2000047c                . = ALIGN (0x4)
                0x2000047c                PROVIDE (__fini_array_start, .)
 *(SORT(.fini_array.*))
 *(.fini_array)
                0x2000047c                PROVIDE (__fini_array_end, .)
 *(.jcr*)
                0x2000047c                . = ALIGN (0x4)
                0x2000047c                __data_end__ = .
                0x2000047c                _edata = __data_end__

.igot.plt       0x2000047c        0x0 load address 0x080020f8
 .igot.plt      0x00000000        0x0 ..\obj\semihosting.o

.bss            0x2000047c       0xa4 load address 0x080020f8
                0x2000047c                . = ALIGN (0x4)
                0x2000047c                __bss_start__ = .
                0x2000047c                _sbss = __bss_start__
 *(.bss*)
 .bss           0x2000047c        0x8 ..\obj\main.o
                0x20000480                Z_Offset
 *(COMMON)
 COMMON         0x20000484       0x7c ..\obj\stm32f4_discovery_audio_codec.o
                0x20000484                CurrentPos
                0x20000488                AUDIO_MAL_DMA_InitStructure
                0x200004c4                DMA_InitStructure
 COMMON         0x20000500       0x1e ..\obj\main.o
                0x20000500                LIS302DL_InitStruct
                0x20000505                Y_Offset
                0x20000508                LIS302DL_FilterStruct
                0x2000050c                i
                0x20000510                check
                0x20000511                X_Offset
                0x20000514                Buffer
                0x2000051c                received_string
                0x20000520                . = ALIGN (0x4)
 *fill*         0x2000051e        0x2 
                0x20000520                __bss_end__ = .
                0x20000520                _ebss = __bss_end__

.heap           0x20000520        0x0
                0x20000520                __end__ = .
                0x20000520                _end = __end__
                0x20000520                end = __end__
 *(.heap*)
                0x20000520                __HeapLimit = .

.co_stack       0x20000520      0x800 load address 0x0800219c
                0x20000520                . = ALIGN (0x8)
 *(.co_stack .co_stack.*)
 .co_stack      0x20000520      0x800 ..\obj\startup_stm32f4xx.o
                0x20000520                pulStack
                0x20020000                __StackTop = (ORIGIN (ram) + 0x20000)
                0x2001f800                __StackLimit = (__StackTop - SIZEOF (.co_stack))
                0x20020000                PROVIDE (__stack, __StackTop)
                0x00000001                ASSERT ((__StackLimit >= __HeapLimit), region ram  overflowed with stack)
LOAD ..\obj\semihosting.o
LOAD ..\obj\stm32f4xx_syscfg.o
LOAD ..\obj\stm32f4_discovery_audio_codec.o
LOAD ..\obj\stm32f4xx_usart.o
LOAD ..\obj\stm32f4xx_dac.o
LOAD ..\obj\startup_stm32f4xx.o
LOAD ..\obj\stm32f4_discovery.o
LOAD ..\obj\main.o
LOAD ..\obj\stm32f4xx_rcc.o
LOAD ..\obj\printf.o
LOAD ..\obj\stm32f4xx_gpio.o
LOAD ..\obj\sh_cmd.o
LOAD ..\obj\system_stm32f4xx.o
LOAD ..\obj\syscalls.o
LOAD ..\obj\stm32f4xx_dma.o
LOAD ..\obj\stm32f4_discovery_callbacks.o
LOAD ..\obj\stm32f4xx_spi.o
LOAD ..\obj\stm32f4xx_i2c.o
LOAD ..\obj\stm32f4xx_exti.o
LOAD ..\obj\misc.o
LOAD ..\obj\stm32f4_discovery_lis302dl.o
LOAD ..\..\..\STM32F4-Discovery\libpdmfilter_gcc.a
START GROUP
LOAD c:/coocox/coide_v2beta/gcc-arm-none-eabi/bin/../lib/gcc/arm-none-eabi/4.8.4/armv7e-m\libgcc.a
LOAD c:/coocox/coide_v2beta/gcc-arm-none-eabi/bin/../lib/gcc/arm-none-eabi/4.8.4/../../../../arm-none-eabi/lib/armv7e-m\libg.a
LOAD c:/coocox/coide_v2beta/gcc-arm-none-eabi/bin/../lib/gcc/arm-none-eabi/4.8.4/../../../../arm-none-eabi/lib/armv7e-m\libc.a
END GROUP
OUTPUT(SM332BLUE.elf elf32-littlearm)

.debug_info     0x00000000     0x6d5d
 .debug_info    0x00000000     0x1070 ..\obj\stm32f4_discovery_audio_codec.o
 .debug_info    0x00001070      0x9c2 ..\obj\stm32f4xx_usart.o
 .debug_info    0x00001a32      0x63a ..\obj\stm32f4xx_dac.o
 .debug_info    0x0000206c       0xed ..\obj\startup_stm32f4xx.o
 .debug_info    0x00002159      0xa9a ..\obj\main.o
 .debug_info    0x00002bf3      0xc4d ..\obj\stm32f4xx_rcc.o
 .debug_info    0x00003840      0xe38 ..\obj\printf.o
 .debug_info    0x00004678      0x602 ..\obj\stm32f4xx_gpio.o
 .debug_info    0x00004c7a       0x99 ..\obj\sh_cmd.o
 .debug_info    0x00004d13      0x739 ..\obj\stm32f4xx_dma.o
 .debug_info    0x0000544c      0x109 ..\obj\stm32f4_discovery_callbacks.o
 .debug_info    0x00005555      0xb07 ..\obj\stm32f4xx_spi.o
 .debug_info    0x0000605c      0x53d ..\obj\misc.o
 .debug_info    0x00006599      0x7c4 ..\obj\stm32f4_discovery_lis302dl.o

.debug_abbrev   0x00000000     0x1473
 .debug_abbrev  0x00000000      0x256 ..\obj\stm32f4_discovery_audio_codec.o
 .debug_abbrev  0x00000256      0x155 ..\obj\stm32f4xx_usart.o
 .debug_abbrev  0x000003ab      0x17c ..\obj\stm32f4xx_dac.o
 .debug_abbrev  0x00000527       0xb0 ..\obj\startup_stm32f4xx.o
 .debug_abbrev  0x000005d7      0x23a ..\obj\main.o
 .debug_abbrev  0x00000811      0x1e3 ..\obj\stm32f4xx_rcc.o
 .debug_abbrev  0x000009f4      0x27e ..\obj\printf.o
 .debug_abbrev  0x00000c72      0x1a3 ..\obj\stm32f4xx_gpio.o
 .debug_abbrev  0x00000e15       0x14 ..\obj\sh_cmd.o
 .debug_abbrev  0x00000e29      0x155 ..\obj\stm32f4xx_dma.o
 .debug_abbrev  0x00000f7e       0x90 ..\obj\stm32f4_discovery_callbacks.o
 .debug_abbrev  0x0000100e      0x167 ..\obj\stm32f4xx_spi.o
 .debug_abbrev  0x00001175      0x145 ..\obj\misc.o
 .debug_abbrev  0x000012ba      0x1b9 ..\obj\stm32f4_discovery_lis302dl.o

.debug_aranges  0x00000000      0x888
 .debug_aranges
                0x00000000      0x130 ..\obj\stm32f4_discovery_audio_codec.o
 .debug_aranges
                0x00000130      0x100 ..\obj\stm32f4xx_usart.o
 .debug_aranges
                0x00000230       0xa0 ..\obj\stm32f4xx_dac.o
 .debug_aranges
                0x000002d0       0x28 ..\obj\startup_stm32f4xx.o
 .debug_aranges
                0x000002f8       0x60 ..\obj\main.o
 .debug_aranges
                0x00000358      0x178 ..\obj\stm32f4xx_rcc.o
 .debug_aranges
                0x000004d0       0xa0 ..\obj\printf.o
 .debug_aranges
                0x00000570       0x88 ..\obj\stm32f4xx_gpio.o
 .debug_aranges
                0x000005f8       0x20 ..\obj\sh_cmd.o
 .debug_aranges
                0x00000618       0xb0 ..\obj\stm32f4xx_dma.o
 .debug_aranges
                0x000006c8       0x28 ..\obj\stm32f4_discovery_callbacks.o
 .debug_aranges
                0x000006f0       0xe0 ..\obj\stm32f4xx_spi.o
 .debug_aranges
                0x000007d0       0x40 ..\obj\misc.o
 .debug_aranges
                0x00000810       0x78 ..\obj\stm32f4_discovery_lis302dl.o

.debug_ranges   0x00000000      0x798
 .debug_ranges  0x00000000      0x120 ..\obj\stm32f4_discovery_audio_codec.o
 .debug_ranges  0x00000120       0xf0 ..\obj\stm32f4xx_usart.o
 .debug_ranges  0x00000210       0x90 ..\obj\stm32f4xx_dac.o
 .debug_ranges  0x000002a0       0x18 ..\obj\startup_stm32f4xx.o
 .debug_ranges  0x000002b8       0x50 ..\obj\main.o
 .debug_ranges  0x00000308      0x168 ..\obj\stm32f4xx_rcc.o
 .debug_ranges  0x00000470       0x90 ..\obj\printf.o
 .debug_ranges  0x00000500       0x78 ..\obj\stm32f4xx_gpio.o
 .debug_ranges  0x00000578       0xa0 ..\obj\stm32f4xx_dma.o
 .debug_ranges  0x00000618       0x18 ..\obj\stm32f4_discovery_callbacks.o
 .debug_ranges  0x00000630       0xd0 ..\obj\stm32f4xx_spi.o
 .debug_ranges  0x00000700       0x30 ..\obj\misc.o
 .debug_ranges  0x00000730       0x68 ..\obj\stm32f4_discovery_lis302dl.o

.debug_line     0x00000000     0x2e25
 .debug_line    0x00000000      0x6e5 ..\obj\stm32f4_discovery_audio_codec.o
 .debug_line    0x000006e5      0x481 ..\obj\stm32f4xx_usart.o
 .debug_line    0x00000b66      0x337 ..\obj\stm32f4xx_dac.o
 .debug_line    0x00000e9d       0x9d ..\obj\startup_stm32f4xx.o
 .debug_line    0x00000f3a      0x35f ..\obj\main.o
 .debug_line    0x00001299      0x579 ..\obj\stm32f4xx_rcc.o
 .debug_line    0x00001812      0x364 ..\obj\printf.o
 .debug_line    0x00001b76      0x31e ..\obj\stm32f4xx_gpio.o
 .debug_line    0x00001e94       0x7e ..\obj\sh_cmd.o
 .debug_line    0x00001f12      0x3bb ..\obj\stm32f4xx_dma.o
 .debug_line    0x000022cd      0x15d ..\obj\stm32f4_discovery_callbacks.o
 .debug_line    0x0000242a      0x431 ..\obj\stm32f4xx_spi.o
 .debug_line    0x0000285b      0x224 ..\obj\misc.o
 .debug_line    0x00002a7f      0x3a6 ..\obj\stm32f4_discovery_lis302dl.o

.debug_str      0x00000000     0x2fa2
 .debug_str     0x00000000      0xfc0 ..\obj\stm32f4_discovery_audio_codec.o
                               0x106e (size before relaxing)
 .debug_str     0x00000fc0      0x49f ..\obj\stm32f4xx_usart.o
                                0x68b (size before relaxing)
 .debug_str     0x0000145f      0x236 ..\obj\stm32f4xx_dac.o
                                0x44f (size before relaxing)
 .debug_str     0x00001695       0xac ..\obj\startup_stm32f4xx.o
                                0x143 (size before relaxing)
 .debug_str     0x00001741      0x281 ..\obj\main.o
                                0xc6c (size before relaxing)
 .debug_str     0x000019c2      0x5df ..\obj\stm32f4xx_rcc.o
                                0x84c (size before relaxing)
 .debug_str     0x00001fa1      0x4bd ..\obj\printf.o
                                0x65b (size before relaxing)
 .debug_str     0x0000245e      0x167 ..\obj\stm32f4xx_gpio.o
                                0x49f (size before relaxing)
 .debug_str     0x000025c5      0x25d ..\obj\stm32f4xx_dma.o
                                0x53e (size before relaxing)
 .debug_str     0x00002822       0x84 ..\obj\stm32f4_discovery_callbacks.o
                                0x1e1 (size before relaxing)
 .debug_str     0x000028a6      0x314 ..\obj\stm32f4xx_spi.o
                                0x686 (size before relaxing)
 .debug_str     0x00002bba      0x1aa ..\obj\misc.o
                                0x3ca (size before relaxing)
 .debug_str     0x00002d64      0x23e ..\obj\stm32f4_discovery_lis302dl.o
                                0x75d (size before relaxing)

.comment        0x00000000       0x70
 .comment       0x00000000       0x70 ..\obj\stm32f4_discovery_audio_codec.o
                                 0x71 (size before relaxing)
 .comment       0x00000000       0x71 ..\obj\stm32f4xx_usart.o
 .comment       0x00000000       0x71 ..\obj\stm32f4xx_dac.o
 .comment       0x00000000       0x71 ..\obj\startup_stm32f4xx.o
 .comment       0x00000000       0x71 ..\obj\main.o
 .comment       0x00000000       0x71 ..\obj\stm32f4xx_rcc.o
 .comment       0x00000000       0x71 ..\obj\printf.o
 .comment       0x00000000       0x71 ..\obj\stm32f4xx_gpio.o
 .comment       0x00000000       0x71 ..\obj\stm32f4xx_dma.o
 .comment       0x00000000       0x71 ..\obj\stm32f4_discovery_callbacks.o
 .comment       0x00000000       0x71 ..\obj\stm32f4xx_spi.o
 .comment       0x00000000       0x71 ..\obj\misc.o
 .comment       0x00000000       0x71 ..\obj\stm32f4_discovery_lis302dl.o

.ARM.attributes
                0x00000000       0x31
 .ARM.attributes
                0x00000000       0x33 ..\obj\stm32f4_discovery_audio_codec.o
 .ARM.attributes
                0x00000033       0x33 ..\obj\stm32f4xx_usart.o
 .ARM.attributes
                0x00000066       0x33 ..\obj\stm32f4xx_dac.o
 .ARM.attributes
                0x00000099       0x33 ..\obj\startup_stm32f4xx.o
 .ARM.attributes
                0x000000cc       0x33 ..\obj\main.o
 .ARM.attributes
                0x000000ff       0x33 ..\obj\stm32f4xx_rcc.o
 .ARM.attributes
                0x00000132       0x33 ..\obj\printf.o
 .ARM.attributes
                0x00000165       0x33 ..\obj\stm32f4xx_gpio.o
 .ARM.attributes
                0x00000198       0x21 ..\obj\sh_cmd.o
 .ARM.attributes
                0x000001b9       0x33 ..\obj\stm32f4xx_dma.o
 .ARM.attributes
                0x000001ec       0x33 ..\obj\stm32f4_discovery_callbacks.o
 .ARM.attributes
                0x0000021f       0x33 ..\obj\stm32f4xx_spi.o
 .ARM.attributes
                0x00000252       0x33 ..\obj\misc.o
 .ARM.attributes
                0x00000285       0x33 ..\obj\stm32f4_discovery_lis302dl.o

.debug_frame    0x00000000     0x1ae4
 .debug_frame   0x00000000      0x438 ..\obj\stm32f4_discovery_audio_codec.o
 .debug_frame   0x00000438      0x344 ..\obj\stm32f4xx_usart.o
 .debug_frame   0x0000077c      0x1ec ..\obj\stm32f4xx_dac.o
 .debug_frame   0x00000968       0x48 ..\obj\startup_stm32f4xx.o
 .debug_frame   0x000009b0      0x118 ..\obj\main.o
 .debug_frame   0x00000ac8      0x4d8 ..\obj\stm32f4xx_rcc.o
 .debug_frame   0x00000fa0      0x244 ..\obj\printf.o
 .debug_frame   0x000011e4      0x19c ..\obj\stm32f4xx_gpio.o
 .debug_frame   0x00001380      0x224 ..\obj\stm32f4xx_dma.o
 .debug_frame   0x000015a4       0x44 ..\obj\stm32f4_discovery_callbacks.o
 .debug_frame   0x000015e8      0x2d0 ..\obj\stm32f4xx_spi.o
 .debug_frame   0x000018b8       0x9c ..\obj\misc.o
 .debug_frame   0x00001954      0x190 ..\obj\stm32f4_discovery_lis302dl.o
