
Allocating common symbols
Common symbol       size              file

CurrentPos          0x4               ..\obj\stm32f4_discovery_audio_codec.o
AUDIO_MAL_DMA_InitStructure
                    0x3c              ..\obj\stm32f4_discovery_audio_codec.o
NVIC_InitStructure  0x4               ..\obj\stm32f4_discovery.o
DMA_InitStructure   0x3c              ..\obj\stm32f4_discovery_audio_codec.o
received_string     0x2               ..\obj\main.o

Discarded input sections

 .text          0x00000000        0x0 ..\obj\semihosting.o
 .data          0x00000000        0x0 ..\obj\semihosting.o
 .bss           0x00000000       0x14 ..\obj\semihosting.o
 .text.SH_SendChar
                0x00000000       0x74 ..\obj\semihosting.o
 .text.SH_SendString
                0x00000000       0x28 ..\obj\semihosting.o
 .text.SH_GetChar
                0x00000000       0x4c ..\obj\semihosting.o
 .text          0x00000000        0x0 ..\obj\stm32f4xx_syscfg.o
 .data          0x00000000        0x0 ..\obj\stm32f4xx_syscfg.o
 .bss           0x00000000        0x0 ..\obj\stm32f4xx_syscfg.o
 .text.SYSCFG_DeInit
                0x00000000       0x20 ..\obj\stm32f4xx_syscfg.o
 .text.SYSCFG_MemoryRemapConfig
                0x00000000       0x20 ..\obj\stm32f4xx_syscfg.o
 .text.SYSCFG_EXTILineConfig
                0x00000000       0x9c ..\obj\stm32f4xx_syscfg.o
 .text.SYSCFG_ETH_MediaInterfaceConfig
                0x00000000       0x1c ..\obj\stm32f4xx_syscfg.o
 .text.SYSCFG_CompensationCellCmd
                0x00000000       0x20 ..\obj\stm32f4xx_syscfg.o
 .text.SYSCFG_GetCompensationCellStatus
                0x00000000       0x38 ..\obj\stm32f4xx_syscfg.o
 .text          0x00000000        0x0 ..\obj\stm32f4_discovery_audio_codec.o
 .bss           0x00000000        0x8 ..\obj\stm32f4_discovery_audio_codec.o
 .text.EVAL_AUDIO_SetAudioInterface
                0x00000000      0x108 ..\obj\stm32f4_discovery_audio_codec.o
 .text.EVAL_AUDIO_Init
                0x00000000       0x68 ..\obj\stm32f4_discovery_audio_codec.o
 .text.EVAL_AUDIO_DeInit
                0x00000000       0x14 ..\obj\stm32f4_discovery_audio_codec.o
 .text.EVAL_AUDIO_Play
                0x00000000       0x84 ..\obj\stm32f4_discovery_audio_codec.o
 .text.EVAL_AUDIO_PauseResume
                0x00000000       0x34 ..\obj\stm32f4_discovery_audio_codec.o
 .text.EVAL_AUDIO_Stop
                0x00000000       0x3c ..\obj\stm32f4_discovery_audio_codec.o
 .text.EVAL_AUDIO_VolumeCtl
                0x00000000       0x48 ..\obj\stm32f4_discovery_audio_codec.o
 .text.EVAL_AUDIO_Mute
                0x00000000       0x1c ..\obj\stm32f4_discovery_audio_codec.o
 .text.Codec_Init
                0x00000000      0x19c ..\obj\stm32f4_discovery_audio_codec.o
 .text.Codec_DeInit
                0x00000000       0x3c ..\obj\stm32f4_discovery_audio_codec.o
 .text.Codec_Play
                0x00000000       0x10 ..\obj\stm32f4_discovery_audio_codec.o
 .text.Codec_PauseResume
                0x00000000       0x88 ..\obj\stm32f4_discovery_audio_codec.o
 .text.Codec_Stop
                0x00000000       0x6c ..\obj\stm32f4_discovery_audio_codec.o
 .text.Codec_VolumeCtrl
                0x00000000       0x8c ..\obj\stm32f4_discovery_audio_codec.o
 .text.Codec_Mute
                0x00000000       0x54 ..\obj\stm32f4_discovery_audio_codec.o
 .text.Codec_Reset
                0x00000000       0x30 ..\obj\stm32f4_discovery_audio_codec.o
 .text.Codec_WriteRegister
                0x00000000      0x1a4 ..\obj\stm32f4_discovery_audio_codec.o
 .text.Codec_ReadRegister
                0x00000000      0x280 ..\obj\stm32f4_discovery_audio_codec.o
 .text.Codec_CtrlInterface_Init
                0x00000000       0x60 ..\obj\stm32f4_discovery_audio_codec.o
 .text.Codec_CtrlInterface_DeInit
                0x00000000        0xc ..\obj\stm32f4_discovery_audio_codec.o
 .text.Codec_AudioInterface_Init
                0x00000000       0x98 ..\obj\stm32f4_discovery_audio_codec.o
 .text.Codec_AudioInterface_DeInit
                0x00000000       0x28 ..\obj\stm32f4_discovery_audio_codec.o
 .text.Codec_GPIO_Init
                0x00000000      0x170 ..\obj\stm32f4_discovery_audio_codec.o
 .text.Codec_GPIO_DeInit
                0x00000000       0x98 ..\obj\stm32f4_discovery_audio_codec.o
 .text.Delay    0x00000000       0x24 ..\obj\stm32f4_discovery_audio_codec.o
 .text.Audio_MAL_Init
                0x00000000      0x164 ..\obj\stm32f4_discovery_audio_codec.o
 .text.Audio_MAL_DeInit
                0x00000000       0x54 ..\obj\stm32f4_discovery_audio_codec.o
 .text.Audio_MAL_Play
                0x00000000       0x94 ..\obj\stm32f4_discovery_audio_codec.o
 .text.Audio_MAL_PauseResume
                0x00000000       0x74 ..\obj\stm32f4_discovery_audio_codec.o
 .text.Audio_MAL_Stop
                0x00000000       0x5c ..\obj\stm32f4_discovery_audio_codec.o
 .text.DAC_Config
                0x00000000       0x74 ..\obj\stm32f4_discovery_audio_codec.o
 .text          0x00000000        0x0 ..\obj\stm32f4xx_usart.o
 .data          0x00000000        0x0 ..\obj\stm32f4xx_usart.o
 .bss           0x00000000        0x0 ..\obj\stm32f4xx_usart.o
 .text.USART_DeInit
                0x00000000       0xf4 ..\obj\stm32f4xx_usart.o
 .text.USART_StructInit
                0x00000000       0x44 ..\obj\stm32f4xx_usart.o
 .text.USART_ClockInit
                0x00000000       0x5c ..\obj\stm32f4xx_usart.o
 .text.USART_ClockStructInit
                0x00000000       0x34 ..\obj\stm32f4xx_usart.o
 .text.USART_SetPrescaler
                0x00000000       0x3c ..\obj\stm32f4xx_usart.o
 .text.USART_OverSampling8Cmd
                0x00000000       0x48 ..\obj\stm32f4xx_usart.o
 .text.USART_OneBitMethodCmd
                0x00000000       0x40 ..\obj\stm32f4xx_usart.o
 .text.USART_SetAddress
                0x00000000       0x3c ..\obj\stm32f4xx_usart.o
 .text.USART_ReceiverWakeUpCmd
                0x00000000       0x40 ..\obj\stm32f4xx_usart.o
 .text.USART_WakeUpConfig
                0x00000000       0x38 ..\obj\stm32f4xx_usart.o
 .text.USART_LINBreakDetectLengthConfig
                0x00000000       0x38 ..\obj\stm32f4xx_usart.o
 .text.USART_LINCmd
                0x00000000       0x40 ..\obj\stm32f4xx_usart.o
 .text.USART_SendBreak
                0x00000000       0x24 ..\obj\stm32f4xx_usart.o
 .text.USART_HalfDuplexCmd
                0x00000000       0x40 ..\obj\stm32f4xx_usart.o
 .text.USART_SetGuardTime
                0x00000000       0x40 ..\obj\stm32f4xx_usart.o
 .text.USART_SmartCardCmd
                0x00000000       0x40 ..\obj\stm32f4xx_usart.o
 .text.USART_SmartCardNACKCmd
                0x00000000       0x40 ..\obj\stm32f4xx_usart.o
 .text.USART_IrDAConfig
                0x00000000       0x38 ..\obj\stm32f4xx_usart.o
 .text.USART_IrDACmd
                0x00000000       0x40 ..\obj\stm32f4xx_usart.o
 .text.USART_DMACmd
                0x00000000       0x4c ..\obj\stm32f4xx_usart.o
 .text.USART_ClearFlag
                0x00000000       0x24 ..\obj\stm32f4xx_usart.o
 .text          0x00000000        0x0 ..\obj\stm32f4xx_dac.o
 .data          0x00000000        0x0 ..\obj\stm32f4xx_dac.o
 .bss           0x00000000        0x0 ..\obj\stm32f4xx_dac.o
 .text.DAC_DeInit
                0x00000000       0x20 ..\obj\stm32f4xx_dac.o
 .text.DAC_Init
                0x00000000       0x70 ..\obj\stm32f4xx_dac.o
 .text.DAC_StructInit
                0x00000000       0x34 ..\obj\stm32f4xx_dac.o
 .text.DAC_Cmd  0x00000000       0x54 ..\obj\stm32f4xx_dac.o
 .text.DAC_SoftwareTriggerCmd
                0x00000000       0x5c ..\obj\stm32f4xx_dac.o
 .text.DAC_DualSoftwareTriggerCmd
                0x00000000       0x38 ..\obj\stm32f4xx_dac.o
 .text.DAC_WaveGenerationCmd
                0x00000000       0x50 ..\obj\stm32f4xx_dac.o
 .text.DAC_SetChannel2Data
                0x00000000       0x38 ..\obj\stm32f4xx_dac.o
 .text.DAC_SetDualChannelData
                0x00000000       0x64 ..\obj\stm32f4xx_dac.o
 .text.DAC_GetDataOutputValue
                0x00000000       0x38 ..\obj\stm32f4xx_dac.o
 .text.DAC_DMACmd
                0x00000000       0x54 ..\obj\stm32f4xx_dac.o
 .text.DAC_ITConfig
                0x00000000       0x50 ..\obj\stm32f4xx_dac.o
 .text.DAC_GetFlagStatus
                0x00000000       0x44 ..\obj\stm32f4xx_dac.o
 .text.DAC_ClearFlag
                0x00000000       0x24 ..\obj\stm32f4xx_dac.o
 .text.DAC_GetITStatus
                0x00000000       0x64 ..\obj\stm32f4xx_dac.o
 .text.DAC_ClearITPendingBit
                0x00000000       0x24 ..\obj\stm32f4xx_dac.o
 .text          0x00000000        0x0 ..\obj\startup_stm32f4xx.o
 .data          0x00000000        0x0 ..\obj\startup_stm32f4xx.o
 .bss           0x00000000        0x0 ..\obj\startup_stm32f4xx.o
 .text          0x00000000        0x0 ..\obj\stm32f4_discovery.o
 .data          0x00000000       0x14 ..\obj\stm32f4_discovery.o
 .bss           0x00000000        0x0 ..\obj\stm32f4_discovery.o
 .rodata        0x00000000       0x30 ..\obj\stm32f4_discovery.o
 .text.STM_EVAL_LEDInit
                0x00000000       0x68 ..\obj\stm32f4_discovery.o
 .text.STM_EVAL_LEDOn
                0x00000000       0x30 ..\obj\stm32f4_discovery.o
 .text.STM_EVAL_LEDOff
                0x00000000       0x30 ..\obj\stm32f4_discovery.o
 .text.STM_EVAL_LEDToggle
                0x00000000       0x3c ..\obj\stm32f4_discovery.o
 .text.STM_EVAL_PBInit
                0x00000000       0xe0 ..\obj\stm32f4_discovery.o
 .text.STM_EVAL_PBGetState
                0x00000000       0x38 ..\obj\stm32f4_discovery.o
 COMMON         0x00000000        0x4 ..\obj\stm32f4_discovery.o
 .text          0x00000000        0x0 ..\obj\main.o
 .data          0x00000000        0x0 ..\obj\main.o
 .text.TimingDelay_Decrement
                0x00000000       0x24 ..\obj\main.o
 COMMON         0x00000000        0x2 ..\obj\main.o
 .text          0x00000000        0x0 ..\obj\stm32f4xx_rcc.o
 .bss           0x00000000        0x0 ..\obj\stm32f4xx_rcc.o
 .text.RCC_DeInit
                0x00000000       0x50 ..\obj\stm32f4xx_rcc.o
 .text.RCC_HSEConfig
                0x00000000       0x28 ..\obj\stm32f4xx_rcc.o
 .text.RCC_WaitForHSEStartUp
                0x00000000       0x64 ..\obj\stm32f4xx_rcc.o
 .text.RCC_AdjustHSICalibrationValue
                0x00000000       0x40 ..\obj\stm32f4xx_rcc.o
 .text.RCC_HSICmd
                0x00000000       0x20 ..\obj\stm32f4xx_rcc.o
 .text.RCC_LSEConfig
                0x00000000       0x48 ..\obj\stm32f4xx_rcc.o
 .text.RCC_LSICmd
                0x00000000       0x20 ..\obj\stm32f4xx_rcc.o
 .text.RCC_PLLConfig
                0x00000000       0x48 ..\obj\stm32f4xx_rcc.o
 .text.RCC_PLLCmd
                0x00000000       0x20 ..\obj\stm32f4xx_rcc.o
 .text.RCC_PLLI2SConfig
                0x00000000       0x30 ..\obj\stm32f4xx_rcc.o
 .text.RCC_PLLI2SCmd
                0x00000000       0x20 ..\obj\stm32f4xx_rcc.o
 .text.RCC_ClockSecuritySystemCmd
                0x00000000       0x20 ..\obj\stm32f4xx_rcc.o
 .text.RCC_MCO1Config
                0x00000000       0x44 ..\obj\stm32f4xx_rcc.o
 .text.RCC_MCO2Config
                0x00000000       0x44 ..\obj\stm32f4xx_rcc.o
 .text.RCC_SYSCLKConfig
                0x00000000       0x3c ..\obj\stm32f4xx_rcc.o
 .text.RCC_GetSYSCLKSource
                0x00000000       0x1c ..\obj\stm32f4xx_rcc.o
 .text.RCC_HCLKConfig
                0x00000000       0x3c ..\obj\stm32f4xx_rcc.o
 .text.RCC_PCLK1Config
                0x00000000       0x3c ..\obj\stm32f4xx_rcc.o
 .text.RCC_PCLK2Config
                0x00000000       0x40 ..\obj\stm32f4xx_rcc.o
 .text.RCC_RTCCLKConfig
                0x00000000       0x64 ..\obj\stm32f4xx_rcc.o
 .text.RCC_RTCCLKCmd
                0x00000000       0x20 ..\obj\stm32f4xx_rcc.o
 .text.RCC_BackupResetCmd
                0x00000000       0x20 ..\obj\stm32f4xx_rcc.o
 .text.RCC_I2SCLKConfig
                0x00000000       0x1c ..\obj\stm32f4xx_rcc.o
 .text.RCC_AHB2PeriphClockCmd
                0x00000000       0x44 ..\obj\stm32f4xx_rcc.o
 .text.RCC_AHB3PeriphClockCmd
                0x00000000       0x44 ..\obj\stm32f4xx_rcc.o
 .text.RCC_AHB1PeriphResetCmd
                0x00000000       0x44 ..\obj\stm32f4xx_rcc.o
 .text.RCC_AHB2PeriphResetCmd
                0x00000000       0x44 ..\obj\stm32f4xx_rcc.o
 .text.RCC_AHB3PeriphResetCmd
                0x00000000       0x44 ..\obj\stm32f4xx_rcc.o
 .text.RCC_APB1PeriphResetCmd
                0x00000000       0x44 ..\obj\stm32f4xx_rcc.o
 .text.RCC_APB2PeriphResetCmd
                0x00000000       0x44 ..\obj\stm32f4xx_rcc.o
 .text.RCC_AHB1PeriphClockLPModeCmd
                0x00000000       0x44 ..\obj\stm32f4xx_rcc.o
 .text.RCC_AHB2PeriphClockLPModeCmd
                0x00000000       0x44 ..\obj\stm32f4xx_rcc.o
 .text.RCC_AHB3PeriphClockLPModeCmd
                0x00000000       0x44 ..\obj\stm32f4xx_rcc.o
 .text.RCC_APB1PeriphClockLPModeCmd
                0x00000000       0x44 ..\obj\stm32f4xx_rcc.o
 .text.RCC_APB2PeriphClockLPModeCmd
                0x00000000       0x44 ..\obj\stm32f4xx_rcc.o
 .text.RCC_ITConfig
                0x00000000       0x50 ..\obj\stm32f4xx_rcc.o
 .text.RCC_GetFlagStatus
                0x00000000       0x84 ..\obj\stm32f4xx_rcc.o
 .text.RCC_ClearFlag
                0x00000000       0x1c ..\obj\stm32f4xx_rcc.o
 .text.RCC_GetITStatus
                0x00000000       0x40 ..\obj\stm32f4xx_rcc.o
 .text.RCC_ClearITPendingBit
                0x00000000       0x20 ..\obj\stm32f4xx_rcc.o
 .text          0x00000000        0x0 ..\obj\printf.o
 .data          0x00000000       0xf4 ..\obj\printf.o
 .bss           0x00000000        0x0 ..\obj\printf.o
 .text.PrintChar
                0x00000000       0x14 ..\obj\printf.o
 .text.PutChar  0x00000000       0x24 ..\obj\printf.o
 .text.PutString
                0x00000000       0x48 ..\obj\printf.o
 .text.PutUnsignedInt
                0x00000000       0xb4 ..\obj\printf.o
 .text.PutSignedInt
                0x00000000      0x11c ..\obj\printf.o
 .text.PutHexa  0x00000000       0xe8 ..\obj\printf.o
 .text.vsnprintf
                0x00000000      0x2a4 ..\obj\printf.o
 .text.snprintf
                0x00000000       0x34 ..\obj\printf.o
 .text.vsprintf
                0x00000000       0x28 ..\obj\printf.o
 .rodata        0x00000000       0x24 ..\obj\printf.o
 .text.vfprintf
                0x00000000       0x68 ..\obj\printf.o
 .text.vprintf  0x00000000       0x2c ..\obj\printf.o
 .text.fprintf  0x00000000       0x30 ..\obj\printf.o
 .text.printf   0x00000000       0x2c ..\obj\printf.o
 .text.sprintf  0x00000000       0x30 ..\obj\printf.o
 .text.puts     0x00000000       0x28 ..\obj\printf.o
 .text.fputc    0x00000000       0x44 ..\obj\printf.o
 .text.fputs    0x00000000       0x50 ..\obj\printf.o
 .text          0x00000000        0x0 ..\obj\stm32f4xx_gpio.o
 .data          0x00000000        0x0 ..\obj\stm32f4xx_gpio.o
 .bss           0x00000000        0x0 ..\obj\stm32f4xx_gpio.o
 .text.GPIO_DeInit
                0x00000000      0x164 ..\obj\stm32f4xx_gpio.o
 .text.GPIO_StructInit
                0x00000000       0x3c ..\obj\stm32f4xx_gpio.o
 .text.GPIO_PinLockConfig
                0x00000000       0x44 ..\obj\stm32f4xx_gpio.o
 .text.GPIO_ReadInputDataBit
                0x00000000       0x3c ..\obj\stm32f4xx_gpio.o
 .text.GPIO_ReadInputData
                0x00000000       0x1c ..\obj\stm32f4xx_gpio.o
 .text.GPIO_ReadOutputDataBit
                0x00000000       0x3c ..\obj\stm32f4xx_gpio.o
 .text.GPIO_ReadOutputData
                0x00000000       0x1c ..\obj\stm32f4xx_gpio.o
 .text.GPIO_WriteBit
                0x00000000       0x30 ..\obj\stm32f4xx_gpio.o
 .text.GPIO_Write
                0x00000000       0x1c ..\obj\stm32f4xx_gpio.o
 .text.GPIO_ToggleBits
                0x00000000       0x24 ..\obj\stm32f4xx_gpio.o
 .data          0x00000000        0x0 ..\obj\sh_cmd.o
 .bss           0x00000000        0x0 ..\obj\sh_cmd.o
 .text          0x00000000        0x0 ..\obj\system_stm32f4xx.o
 .bss           0x00000000        0x0 ..\obj\system_stm32f4xx.o
 .text.SystemCoreClockUpdate
                0x00000000      0x114 ..\obj\system_stm32f4xx.o
 .text          0x00000000        0x0 ..\obj\syscalls.o
 .data          0x00000000        0x0 ..\obj\syscalls.o
 .bss           0x00000000        0x4 ..\obj\syscalls.o
 .text._sbrk    0x00000000       0x40 ..\obj\syscalls.o
 .text.link     0x00000000       0x1c ..\obj\syscalls.o
 .text._close   0x00000000       0x18 ..\obj\syscalls.o
 .text._fstat   0x00000000       0x24 ..\obj\syscalls.o
 .text._isatty  0x00000000       0x18 ..\obj\syscalls.o
 .text._lseek   0x00000000       0x1c ..\obj\syscalls.o
 .text._read    0x00000000       0x1c ..\obj\syscalls.o
 .text._write   0x00000000       0x1c ..\obj\syscalls.o
 .text.abort    0x00000000        0x8 ..\obj\syscalls.o
 .text          0x00000000        0x0 ..\obj\stm32f4xx_dma.o
 .data          0x00000000        0x0 ..\obj\stm32f4xx_dma.o
 .bss           0x00000000        0x0 ..\obj\stm32f4xx_dma.o
 .text.DMA_DeInit
                0x00000000      0x1b4 ..\obj\stm32f4xx_dma.o
 .text.DMA_StructInit
                0x00000000       0x8c ..\obj\stm32f4xx_dma.o
 .text.DMA_PeriphIncOffsetSizeConfig
                0x00000000       0x34 ..\obj\stm32f4xx_dma.o
 .text.DMA_FlowControllerConfig
                0x00000000       0x34 ..\obj\stm32f4xx_dma.o
 .text.DMA_SetCurrDataCounter
                0x00000000       0x1c ..\obj\stm32f4xx_dma.o
 .text.DMA_GetCurrDataCounter
                0x00000000       0x1c ..\obj\stm32f4xx_dma.o
 .text.DMA_DoubleBufferModeConfig
                0x00000000       0x3c ..\obj\stm32f4xx_dma.o
 .text.DMA_DoubleBufferModeCmd
                0x00000000       0x38 ..\obj\stm32f4xx_dma.o
 .text.DMA_MemoryTargetConfig
                0x00000000       0x2c ..\obj\stm32f4xx_dma.o
 .text.DMA_GetCurrentMemoryTarget
                0x00000000       0x38 ..\obj\stm32f4xx_dma.o
 .text.DMA_GetFIFOStatus
                0x00000000       0x28 ..\obj\stm32f4xx_dma.o
 .text.DMA_ITConfig
                0x00000000       0x74 ..\obj\stm32f4xx_dma.o
 .text.DMA_GetITStatus
                0x00000000       0xc4 ..\obj\stm32f4xx_dma.o
 .text.DMA_ClearITPendingBit
                0x00000000       0x5c ..\obj\stm32f4xx_dma.o
 .text          0x00000000        0x0 ..\obj\stm32f4_discovery_callbacks.o
 .data          0x00000000        0x0 ..\obj\stm32f4_discovery_callbacks.o
 .bss           0x00000000        0x0 ..\obj\stm32f4_discovery_callbacks.o
 .text          0x00000000        0x0 ..\obj\stm32f4xx_spi.o
 .data          0x00000000        0x0 ..\obj\stm32f4xx_spi.o
 .bss           0x00000000        0x0 ..\obj\stm32f4xx_spi.o
 .text.SPI_I2S_DeInit
                0x00000000       0x80 ..\obj\stm32f4xx_spi.o
 .text.SPI_Init
                0x00000000       0x98 ..\obj\stm32f4xx_spi.o
 .text.I2S_Init
                0x00000000      0x1fc ..\obj\stm32f4xx_spi.o
 .text.SPI_StructInit
                0x00000000       0x5c ..\obj\stm32f4xx_spi.o
 .text.I2S_StructInit
                0x00000000       0x44 ..\obj\stm32f4xx_spi.o
 .text.SPI_Cmd  0x00000000       0x40 ..\obj\stm32f4xx_spi.o
 .text.I2S_Cmd  0x00000000       0x40 ..\obj\stm32f4xx_spi.o
 .text.SPI_DataSizeConfig
                0x00000000       0x38 ..\obj\stm32f4xx_spi.o
 .text.SPI_BiDirectionalLineConfig
                0x00000000       0x40 ..\obj\stm32f4xx_spi.o
 .text.SPI_NSSInternalSoftwareConfig
                0x00000000       0x44 ..\obj\stm32f4xx_spi.o
 .text.SPI_SSOutputCmd
                0x00000000       0x40 ..\obj\stm32f4xx_spi.o
 .text.SPI_TIModeCmd
                0x00000000       0x40 ..\obj\stm32f4xx_spi.o
 .text.I2S_FullDuplexConfig
                0x00000000       0xac ..\obj\stm32f4xx_spi.o
 .text.SPI_I2S_ReceiveData
                0x00000000       0x1c ..\obj\stm32f4xx_spi.o
 .text.SPI_CalculateCRC
                0x00000000       0x40 ..\obj\stm32f4xx_spi.o
 .text.SPI_TransmitCRC
                0x00000000       0x24 ..\obj\stm32f4xx_spi.o
 .text.SPI_GetCRC
                0x00000000       0x34 ..\obj\stm32f4xx_spi.o
 .text.SPI_GetCRCPolynomial
                0x00000000       0x1c ..\obj\stm32f4xx_spi.o
 .text.SPI_I2S_DMACmd
                0x00000000       0x4c ..\obj\stm32f4xx_spi.o
 .text.SPI_I2S_ITConfig
                0x00000000       0x70 ..\obj\stm32f4xx_spi.o
 .text.SPI_I2S_ClearFlag
                0x00000000       0x24 ..\obj\stm32f4xx_spi.o
 .text.SPI_I2S_GetITStatus
                0x00000000       0x8c ..\obj\stm32f4xx_spi.o
 .text.SPI_I2S_ClearITPendingBit
                0x00000000       0x38 ..\obj\stm32f4xx_spi.o
 .text          0x00000000        0x0 ..\obj\stm32f4xx_i2c.o
 .data          0x00000000        0x0 ..\obj\stm32f4xx_i2c.o
 .bss           0x00000000        0x0 ..\obj\stm32f4xx_i2c.o
 .text.I2C_DeInit
                0x00000000       0x80 ..\obj\stm32f4xx_i2c.o
 .text.I2C_Init
                0x00000000      0x1b0 ..\obj\stm32f4xx_i2c.o
 .text.I2C_StructInit
                0x00000000       0x44 ..\obj\stm32f4xx_i2c.o
 .text.I2C_Cmd  0x00000000       0x40 ..\obj\stm32f4xx_i2c.o
 .text.I2C_GenerateSTART
                0x00000000       0x40 ..\obj\stm32f4xx_i2c.o
 .text.I2C_GenerateSTOP
                0x00000000       0x40 ..\obj\stm32f4xx_i2c.o
 .text.I2C_Send7bitAddress
                0x00000000       0x3c ..\obj\stm32f4xx_i2c.o
 .text.I2C_AcknowledgeConfig
                0x00000000       0x40 ..\obj\stm32f4xx_i2c.o
 .text.I2C_OwnAddress2Config
                0x00000000       0x44 ..\obj\stm32f4xx_i2c.o
 .text.I2C_DualAddressCmd
                0x00000000       0x40 ..\obj\stm32f4xx_i2c.o
 .text.I2C_GeneralCallCmd
                0x00000000       0x40 ..\obj\stm32f4xx_i2c.o
 .text.I2C_SoftwareResetCmd
                0x00000000       0x48 ..\obj\stm32f4xx_i2c.o
 .text.I2C_StretchClockCmd
                0x00000000       0x40 ..\obj\stm32f4xx_i2c.o
 .text.I2C_FastModeDutyCycleConfig
                0x00000000       0x40 ..\obj\stm32f4xx_i2c.o
 .text.I2C_NACKPositionConfig
                0x00000000       0x40 ..\obj\stm32f4xx_i2c.o
 .text.I2C_SMBusAlertConfig
                0x00000000       0x40 ..\obj\stm32f4xx_i2c.o
 .text.I2C_ARPCmd
                0x00000000       0x40 ..\obj\stm32f4xx_i2c.o
 .text.I2C_SendData
                0x00000000       0x20 ..\obj\stm32f4xx_i2c.o
 .text.I2C_ReceiveData
                0x00000000       0x1c ..\obj\stm32f4xx_i2c.o
 .text.I2C_TransmitPEC
                0x00000000       0x40 ..\obj\stm32f4xx_i2c.o
 .text.I2C_PECPositionConfig
                0x00000000       0x40 ..\obj\stm32f4xx_i2c.o
 .text.I2C_CalculatePEC
                0x00000000       0x40 ..\obj\stm32f4xx_i2c.o
 .text.I2C_GetPEC
                0x00000000       0x24 ..\obj\stm32f4xx_i2c.o
 .text.I2C_DMACmd
                0x00000000       0x40 ..\obj\stm32f4xx_i2c.o
 .text.I2C_DMALastTransferCmd
                0x00000000       0x40 ..\obj\stm32f4xx_i2c.o
 .text.I2C_ReadRegister
                0x00000000       0x30 ..\obj\stm32f4xx_i2c.o
 .text.I2C_ITConfig
                0x00000000       0x4c ..\obj\stm32f4xx_i2c.o
 .text.I2C_CheckEvent
                0x00000000       0x70 ..\obj\stm32f4xx_i2c.o
 .text.I2C_GetLastEvent
                0x00000000       0x50 ..\obj\stm32f4xx_i2c.o
 .text.I2C_GetFlagStatus
                0x00000000       0x7c ..\obj\stm32f4xx_i2c.o
 .text.I2C_ClearFlag
                0x00000000       0x30 ..\obj\stm32f4xx_i2c.o
 .text.I2C_GetITStatus
                0x00000000       0x68 ..\obj\stm32f4xx_i2c.o
 .text.I2C_ClearITPendingBit
                0x00000000       0x30 ..\obj\stm32f4xx_i2c.o
 .text          0x00000000        0x0 ..\obj\stm32f4xx_exti.o
 .data          0x00000000        0x0 ..\obj\stm32f4xx_exti.o
 .bss           0x00000000        0x0 ..\obj\stm32f4xx_exti.o
 .text.EXTI_DeInit
                0x00000000       0x38 ..\obj\stm32f4xx_exti.o
 .text.EXTI_Init
                0x00000000       0xfc ..\obj\stm32f4xx_exti.o
 .text.EXTI_StructInit
                0x00000000       0x34 ..\obj\stm32f4xx_exti.o
 .text.EXTI_GenerateSWInterrupt
                0x00000000       0x24 ..\obj\stm32f4xx_exti.o
 .text.EXTI_GetFlagStatus
                0x00000000       0x3c ..\obj\stm32f4xx_exti.o
 .text.EXTI_ClearFlag
                0x00000000       0x1c ..\obj\stm32f4xx_exti.o
 .text.EXTI_GetITStatus
                0x00000000       0x54 ..\obj\stm32f4xx_exti.o
 .text.EXTI_ClearITPendingBit
                0x00000000       0x1c ..\obj\stm32f4xx_exti.o
 .text          0x00000000        0x0 ..\obj\misc.o
 .data          0x00000000        0x0 ..\obj\misc.o
 .bss           0x00000000        0x0 ..\obj\misc.o
 .text.NVIC_PriorityGroupConfig
                0x00000000       0x24 ..\obj\misc.o
 .text.NVIC_SetVectorTable
                0x00000000       0x2c ..\obj\misc.o
 .text.NVIC_SystemLPConfig
                0x00000000       0x44 ..\obj\misc.o
 .text.SysTick_CLKSourceConfig
                0x00000000       0x38 ..\obj\misc.o
 .text          0x00000000        0x0 ..\obj\stm32f4_discovery_lis302dl.o
 .data          0x00000000        0x4 ..\obj\stm32f4_discovery_lis302dl.o
 .bss           0x00000000        0x0 ..\obj\stm32f4_discovery_lis302dl.o
 .text.LIS302DL_Init
                0x00000000       0x5c ..\obj\stm32f4_discovery_lis302dl.o
 .text.LIS302DL_FilterConfig
                0x00000000       0x68 ..\obj\stm32f4_discovery_lis302dl.o
 .text.LIS302DL_InterruptConfig
                0x00000000       0x54 ..\obj\stm32f4_discovery_lis302dl.o
 .text.LIS302DL_LowpowerCmd
                0x00000000       0x4c ..\obj\stm32f4_discovery_lis302dl.o
 .text.LIS302DL_DataRateCmd
                0x00000000       0x4c ..\obj\stm32f4_discovery_lis302dl.o
 .text.LIS302DL_FullScaleCmd
                0x00000000       0x4c ..\obj\stm32f4_discovery_lis302dl.o
 .text.LIS302DL_RebootCmd
                0x00000000       0x3c ..\obj\stm32f4_discovery_lis302dl.o
 .text.LIS302DL_Write
                0x00000000       0x68 ..\obj\stm32f4_discovery_lis302dl.o
 .text.LIS302DL_Read
                0x00000000       0x78 ..\obj\stm32f4_discovery_lis302dl.o
 .text.LIS302DL_ReadACC
                0x00000000       0xd8 ..\obj\stm32f4_discovery_lis302dl.o
 .text.LIS302DL_LowLevel_Init
                0x00000000      0x18c ..\obj\stm32f4_discovery_lis302dl.o
 .text.LIS302DL_SendByte
                0x00000000       0xb0 ..\obj\stm32f4_discovery_lis302dl.o
 .text          0x00000000        0x0 ..\obj\stm32f4xx_tim.o
 .data          0x00000000        0x0 ..\obj\stm32f4xx_tim.o
 .bss           0x00000000        0x0 ..\obj\stm32f4xx_tim.o
 .text.TIM_DeInit
                0x00000000      0x220 ..\obj\stm32f4xx_tim.o
 .text.TIM_TimeBaseStructInit
                0x00000000       0x3c ..\obj\stm32f4xx_tim.o
 .text.TIM_PrescalerConfig
                0x00000000       0x28 ..\obj\stm32f4xx_tim.o
 .text.TIM_CounterModeConfig
                0x00000000       0x3c ..\obj\stm32f4xx_tim.o
 .text.TIM_SetCounter
                0x00000000       0x1c ..\obj\stm32f4xx_tim.o
 .text.TIM_SetAutoreload
                0x00000000       0x1c ..\obj\stm32f4xx_tim.o
 .text.TIM_GetCounter
                0x00000000       0x18 ..\obj\stm32f4xx_tim.o
 .text.TIM_GetPrescaler
                0x00000000       0x1c ..\obj\stm32f4xx_tim.o
 .text.TIM_UpdateDisableConfig
                0x00000000       0x40 ..\obj\stm32f4xx_tim.o
 .text.TIM_UpdateRequestConfig
                0x00000000       0x40 ..\obj\stm32f4xx_tim.o
 .text.TIM_SelectOnePulseMode
                0x00000000       0x38 ..\obj\stm32f4xx_tim.o
 .text.TIM_SetClockDivision
                0x00000000       0x38 ..\obj\stm32f4xx_tim.o
 .text.TIM_OC3Init
                0x00000000      0x12c ..\obj\stm32f4xx_tim.o
 .text.TIM_OC4Init
                0x00000000       0xe4 ..\obj\stm32f4xx_tim.o
 .text.TIM_OCStructInit
                0x00000000       0x54 ..\obj\stm32f4xx_tim.o
 .text.TIM_SelectOCxM
                0x00000000       0xc8 ..\obj\stm32f4xx_tim.o
 .text.TIM_SetCompare1
                0x00000000       0x1c ..\obj\stm32f4xx_tim.o
 .text.TIM_SetCompare2
                0x00000000       0x1c ..\obj\stm32f4xx_tim.o
 .text.TIM_SetCompare3
                0x00000000       0x1c ..\obj\stm32f4xx_tim.o
 .text.TIM_SetCompare4
                0x00000000       0x1c ..\obj\stm32f4xx_tim.o
 .text.TIM_ForcedOC1Config
                0x00000000       0x3c ..\obj\stm32f4xx_tim.o
 .text.TIM_ForcedOC2Config
                0x00000000       0x40 ..\obj\stm32f4xx_tim.o
 .text.TIM_ForcedOC3Config
                0x00000000       0x3c ..\obj\stm32f4xx_tim.o
 .text.TIM_ForcedOC4Config
                0x00000000       0x40 ..\obj\stm32f4xx_tim.o
 .text.TIM_OC3PreloadConfig
                0x00000000       0x3c ..\obj\stm32f4xx_tim.o
 .text.TIM_OC4PreloadConfig
                0x00000000       0x40 ..\obj\stm32f4xx_tim.o
 .text.TIM_OC1FastConfig
                0x00000000       0x3c ..\obj\stm32f4xx_tim.o
 .text.TIM_OC2FastConfig
                0x00000000       0x40 ..\obj\stm32f4xx_tim.o
 .text.TIM_OC3FastConfig
                0x00000000       0x3c ..\obj\stm32f4xx_tim.o
 .text.TIM_OC4FastConfig
                0x00000000       0x40 ..\obj\stm32f4xx_tim.o
 .text.TIM_ClearOC1Ref
                0x00000000       0x3c ..\obj\stm32f4xx_tim.o
 .text.TIM_ClearOC2Ref
                0x00000000       0x44 ..\obj\stm32f4xx_tim.o
 .text.TIM_ClearOC3Ref
                0x00000000       0x3c ..\obj\stm32f4xx_tim.o
 .text.TIM_ClearOC4Ref
                0x00000000       0x44 ..\obj\stm32f4xx_tim.o
 .text.TIM_OC1PolarityConfig
                0x00000000       0x3c ..\obj\stm32f4xx_tim.o
 .text.TIM_OC1NPolarityConfig
                0x00000000       0x3c ..\obj\stm32f4xx_tim.o
 .text.TIM_OC2PolarityConfig
                0x00000000       0x40 ..\obj\stm32f4xx_tim.o
 .text.TIM_OC2NPolarityConfig
                0x00000000       0x40 ..\obj\stm32f4xx_tim.o
 .text.TIM_OC3PolarityConfig
                0x00000000       0x40 ..\obj\stm32f4xx_tim.o
 .text.TIM_OC3NPolarityConfig
                0x00000000       0x40 ..\obj\stm32f4xx_tim.o
 .text.TIM_OC4PolarityConfig
                0x00000000       0x40 ..\obj\stm32f4xx_tim.o
 .text.TIM_CCxCmd
                0x00000000       0x60 ..\obj\stm32f4xx_tim.o
 .text.TIM_CCxNCmd
                0x00000000       0x60 ..\obj\stm32f4xx_tim.o
 .text.TIM_ICInit
                0x00000000       0xa8 ..\obj\stm32f4xx_tim.o
 .text.TIM_ICStructInit
                0x00000000       0x3c ..\obj\stm32f4xx_tim.o
 .text.TIM_PWMIConfig
                0x00000000       0xc4 ..\obj\stm32f4xx_tim.o
 .text.TIM_GetCapture1
                0x00000000       0x18 ..\obj\stm32f4xx_tim.o
 .text.TIM_GetCapture2
                0x00000000       0x18 ..\obj\stm32f4xx_tim.o
 .text.TIM_GetCapture3
                0x00000000       0x18 ..\obj\stm32f4xx_tim.o
 .text.TIM_GetCapture4
                0x00000000       0x18 ..\obj\stm32f4xx_tim.o
 .text.TIM_SetIC1Prescaler
                0x00000000       0x38 ..\obj\stm32f4xx_tim.o
 .text.TIM_SetIC2Prescaler
                0x00000000       0x40 ..\obj\stm32f4xx_tim.o
 .text.TIM_SetIC3Prescaler
                0x00000000       0x38 ..\obj\stm32f4xx_tim.o
 .text.TIM_SetIC4Prescaler
                0x00000000       0x40 ..\obj\stm32f4xx_tim.o
 .text.TIM_BDTRConfig
                0x00000000       0x5c ..\obj\stm32f4xx_tim.o
 .text.TIM_BDTRStructInit
                0x00000000       0x4c ..\obj\stm32f4xx_tim.o
 .text.TIM_CtrlPWMOutputs
                0x00000000       0x50 ..\obj\stm32f4xx_tim.o
 .text.TIM_SelectCOM
                0x00000000       0x40 ..\obj\stm32f4xx_tim.o
 .text.TIM_CCPreloadControl
                0x00000000       0x40 ..\obj\stm32f4xx_tim.o
 .text.TIM_ITConfig
                0x00000000       0x4c ..\obj\stm32f4xx_tim.o
 .text.TIM_GenerateEvent
                0x00000000       0x1c ..\obj\stm32f4xx_tim.o
 .text.TIM_GetFlagStatus
                0x00000000       0x40 ..\obj\stm32f4xx_tim.o
 .text.TIM_ClearFlag
                0x00000000       0x24 ..\obj\stm32f4xx_tim.o
 .text.TIM_GetITStatus
                0x00000000       0x64 ..\obj\stm32f4xx_tim.o
 .text.TIM_ClearITPendingBit
                0x00000000       0x24 ..\obj\stm32f4xx_tim.o
 .text.TIM_DMAConfig
                0x00000000       0x2c ..\obj\stm32f4xx_tim.o
 .text.TIM_DMACmd
                0x00000000       0x4c ..\obj\stm32f4xx_tim.o
 .text.TIM_SelectCCDMA
                0x00000000       0x40 ..\obj\stm32f4xx_tim.o
 .text.TIM_InternalClockConfig
                0x00000000       0x24 ..\obj\stm32f4xx_tim.o
 .text.TIM_ITRxExternalClockConfig
                0x00000000       0x30 ..\obj\stm32f4xx_tim.o
 .text.TIM_TIxExternalClockConfig
                0x00000000       0x58 ..\obj\stm32f4xx_tim.o
 .text.TIM_ETRClockMode1Config
                0x00000000       0x54 ..\obj\stm32f4xx_tim.o
 .text.TIM_ETRClockMode2Config
                0x00000000       0x34 ..\obj\stm32f4xx_tim.o
 .text.TIM_SelectInputTrigger
                0x00000000       0x3c ..\obj\stm32f4xx_tim.o
 .text.TIM_SelectOutputTrigger
                0x00000000       0x38 ..\obj\stm32f4xx_tim.o
 .text.TIM_SelectSlaveMode
                0x00000000       0x38 ..\obj\stm32f4xx_tim.o
 .text.TIM_SelectMasterSlaveMode
                0x00000000       0x38 ..\obj\stm32f4xx_tim.o
 .text.TIM_ETRConfig
                0x00000000       0x54 ..\obj\stm32f4xx_tim.o
 .text.TIM_EncoderInterfaceConfig
                0x00000000       0x98 ..\obj\stm32f4xx_tim.o
 .text.TIM_SelectHallSensor
                0x00000000       0x40 ..\obj\stm32f4xx_tim.o
 .text.TIM_RemapConfig
                0x00000000       0x20 ..\obj\stm32f4xx_tim.o
 .text.TI1_Config
                0x00000000       0x84 ..\obj\stm32f4xx_tim.o
 .text.TI2_Config
                0x00000000       0xa4 ..\obj\stm32f4xx_tim.o
 .text.TI3_Config
                0x00000000       0x94 ..\obj\stm32f4xx_tim.o
 .text.TI4_Config
                0x00000000       0xac ..\obj\stm32f4xx_tim.o

Memory Configuration

Name             Origin             Length             Attributes
rom              0x08000000         0x00100000         xr
ram              0x20000000         0x00020000         xrw
ram1             0x10000000         0x00010000         xrw
*default*        0x00000000         0xffffffff

Linker script and memory map

                0x20020000                _eram = 0x20020000

.text           0x08000000     0x1a5c
 *(.isr_vector)
 .isr_vector    0x08000000      0x188 ..\obj\startup_stm32f4xx.o
                0x08000000                g_pfnVectors
 *(.text*)
 .text.Audio_MAL_IRQHandler
                0x08000188      0x100 ..\obj\stm32f4_discovery_audio_codec.o
 .text.DMA1_Stream7_IRQHandler
                0x08000288        0xc ..\obj\stm32f4_discovery_audio_codec.o
                0x08000288                DMA1_Stream7_IRQHandler
 .text.DMA1_Stream0_IRQHandler
                0x08000294        0xc ..\obj\stm32f4_discovery_audio_codec.o
                0x08000294                DMA1_Stream0_IRQHandler
 .text.SPI3_IRQHandler
                0x080002a0       0x44 ..\obj\stm32f4_discovery_audio_codec.o
                0x080002a0                SPI3_IRQHandler
 .text.USART_Init
                0x080002e4      0x1a8 ..\obj\stm32f4xx_usart.o
                0x080002e4                USART_Init
 .text.USART_Cmd
                0x0800048c       0x40 ..\obj\stm32f4xx_usart.o
                0x0800048c                USART_Cmd
 .text.USART_SendData
                0x080004cc       0x24 ..\obj\stm32f4xx_usart.o
                0x080004cc                USART_SendData
 .text.USART_ReceiveData
                0x080004f0       0x20 ..\obj\stm32f4xx_usart.o
                0x080004f0                USART_ReceiveData
 .text.USART_ITConfig
                0x08000510       0xa8 ..\obj\stm32f4xx_usart.o
                0x08000510                USART_ITConfig
 .text.USART_GetFlagStatus
                0x080005b8       0x40 ..\obj\stm32f4xx_usart.o
                0x080005b8                USART_GetFlagStatus
 .text.USART_GetITStatus
                0x080005f8       0xcc ..\obj\stm32f4xx_usart.o
                0x080005f8                USART_GetITStatus
 .text.USART_ClearITPendingBit
                0x080006c4       0x44 ..\obj\stm32f4xx_usart.o
                0x080006c4                USART_ClearITPendingBit
 .text.DAC_SetChannel1Data
                0x08000708       0x38 ..\obj\stm32f4xx_dac.o
                0x08000708                DAC_SetChannel1Data
 .text.Default_Reset_Handler
                0x08000740       0x64 ..\obj\startup_stm32f4xx.o
                0x08000740                Default_Reset_Handler
                0x08000740                Reset_Handler
 .text.Default_Handler
                0x080007a4        0x8 ..\obj\startup_stm32f4xx.o
                0x080007a4                RTC_Alarm_IRQHandler
                0x080007a4                HASH_RNG_IRQHandler
                0x080007a4                EXTI2_IRQHandler
                0x080007a4                TIM8_CC_IRQHandler
                0x080007a4                DebugMon_Handler
                0x080007a4                TIM1_CC_IRQHandler
                0x080007a4                DMA2_Stream5_IRQHandler
                0x080007a4                DMA1_Stream5_IRQHandler
                0x080007a4                SysTick_Handler
                0x080007a4                PVD_IRQHandler
                0x080007a4                SDIO_IRQHandler
                0x080007a4                TAMP_STAMP_IRQHandler
                0x080007a4                PendSV_Handler
                0x080007a4                NMI_Handler
                0x080007a4                CAN2_RX1_IRQHandler
                0x080007a4                EXTI3_IRQHandler
                0x080007a4                TIM8_TRG_COM_TIM14_IRQHandler
                0x080007a4                TIM1_UP_TIM10_IRQHandler
                0x080007a4                TIM8_UP_TIM13_IRQHandler
                0x080007a4                I2C3_ER_IRQHandler
                0x080007a4                EXTI0_IRQHandler
                0x080007a4                I2C2_EV_IRQHandler
                0x080007a4                DMA1_Stream2_IRQHandler
                0x080007a4                CAN1_RX0_IRQHandler
                0x080007a4                FPU_IRQHandler
                0x080007a4                OTG_HS_WKUP_IRQHandler
                0x080007a4                UsageFault_Handler
                0x080007a4                CAN2_SCE_IRQHandler
                0x080007a4                DMA2_Stream2_IRQHandler
                0x080007a4                SPI1_IRQHandler
                0x080007a4                TIM6_DAC_IRQHandler
                0x080007a4                TIM1_BRK_TIM9_IRQHandler
                0x080007a4                DCMI_IRQHandler
                0x080007a4                CAN2_RX0_IRQHandler
                0x080007a4                DMA2_Stream3_IRQHandler
                0x080007a4                USART6_IRQHandler
                0x080007a4                USART3_IRQHandler
                0x080007a4                CRYP_IRQHandler
                0x080007a4                CAN1_RX1_IRQHandler
                0x080007a4                UART5_IRQHandler
                0x080007a4                DMA2_Stream0_IRQHandler
                0x080007a4                TIM4_IRQHandler
                0x080007a4                I2C1_EV_IRQHandler
                0x080007a4                DMA1_Stream6_IRQHandler
                0x080007a4                DMA1_Stream1_IRQHandler
                0x080007a4                UART4_IRQHandler
                0x080007a4                TIM3_IRQHandler
                0x080007a4                RCC_IRQHandler
                0x080007a4                TIM8_BRK_TIM12_IRQHandler
                0x080007a4                EXTI15_10_IRQHandler
                0x080007a4                ADC_IRQHandler
                0x080007a4                TIM7_IRQHandler
                0x080007a4                CAN2_TX_IRQHandler
                0x080007a4                TIM5_IRQHandler
                0x080007a4                DMA2_Stream7_IRQHandler
                0x080007a4                I2C3_EV_IRQHandler
                0x080007a4                EXTI9_5_IRQHandler
                0x080007a4                RTC_WKUP_IRQHandler
                0x080007a4                ETH_WKUP_IRQHandler
                0x080007a4                SPI2_IRQHandler
                0x080007a4                OTG_HS_EP1_IN_IRQHandler
                0x080007a4                MemManage_Handler
                0x080007a4                CAN1_TX_IRQHandler
                0x080007a4                SVC_Handler
                0x080007a4                EXTI4_IRQHandler
                0x080007a4                FSMC_IRQHandler
                0x080007a4                ETH_IRQHandler
                0x080007a4                OTG_HS_EP1_OUT_IRQHandler
                0x080007a4                WWDG_IRQHandler
                0x080007a4                TIM2_IRQHandler
                0x080007a4                OTG_FS_WKUP_IRQHandler
                0x080007a4                TIM1_TRG_COM_TIM11_IRQHandler
                0x080007a4                OTG_HS_IRQHandler
                0x080007a4                EXTI1_IRQHandler
                0x080007a4                USART2_IRQHandler
                0x080007a4                I2C2_ER_IRQHandler
                0x080007a4                DMA2_Stream1_IRQHandler
                0x080007a4                CAN1_SCE_IRQHandler
                0x080007a4                FLASH_IRQHandler
                0x080007a4                DMA2_Stream4_IRQHandler
                0x080007a4                BusFault_Handler
                0x080007a4                OTG_FS_IRQHandler
                0x080007a4                DMA1_Stream4_IRQHandler
                0x080007a4                I2C1_ER_IRQHandler
                0x080007a4                DMA2_Stream6_IRQHandler
                0x080007a4                DMA1_Stream3_IRQHandler
 .text.main     0x080007ac       0x70 ..\obj\main.o
                0x080007ac                main
 .text.GPIOinit_Enable
                0x0800081c       0x48 ..\obj\main.o
                0x0800081c                GPIOinit_Enable
 .text.GPIOinit
                0x08000864       0x64 ..\obj\main.o
                0x08000864                GPIOinit
 .text.TimerInit
                0x080008c8       0xd0 ..\obj\main.o
                0x080008c8                TimerInit
 .text.USART1_IRQHandler
                0x08000998      0x1f0 ..\obj\main.o
                0x08000998                USART1_IRQHandler
 .text.UARTSend
                0x08000b88       0x58 ..\obj\main.o
                0x08000b88                UARTSend
 .text.init_USART1
                0x08000be0       0xe8 ..\obj\main.o
                0x08000be0                init_USART1
 .text.Delay    0x08000cc8       0x2c ..\obj\main.o
                0x08000cc8                Delay
 .text.RCC_GetClocksFreq
                0x08000cf4      0x17c ..\obj\stm32f4xx_rcc.o
                0x08000cf4                RCC_GetClocksFreq
 .text.RCC_AHB1PeriphClockCmd
                0x08000e70       0x44 ..\obj\stm32f4xx_rcc.o
                0x08000e70                RCC_AHB1PeriphClockCmd
 .text.RCC_APB1PeriphClockCmd
                0x08000eb4       0x44 ..\obj\stm32f4xx_rcc.o
                0x08000eb4                RCC_APB1PeriphClockCmd
 .text.RCC_APB2PeriphClockCmd
                0x08000ef8       0x44 ..\obj\stm32f4xx_rcc.o
                0x08000ef8                RCC_APB2PeriphClockCmd
 .text.GPIO_Init
                0x08000f3c      0x148 ..\obj\stm32f4xx_gpio.o
                0x08000f3c                GPIO_Init
 .text.GPIO_SetBits
                0x08001084       0x1c ..\obj\stm32f4xx_gpio.o
                0x08001084                GPIO_SetBits
 .text.GPIO_ResetBits
                0x080010a0       0x1c ..\obj\stm32f4xx_gpio.o
                0x080010a0                GPIO_ResetBits
 .text.GPIO_PinAFConfig
                0x080010bc       0xac ..\obj\stm32f4xx_gpio.o
                0x080010bc                GPIO_PinAFConfig
 .text          0x08001168       0x28 ..\obj\sh_cmd.o
                0x08001168                SH_DoCommand
                0x0800117a                HardFault_Handler
 .text.SystemInit
                0x08001190       0x5c ..\obj\system_stm32f4xx.o
                0x08001190                SystemInit
 .text.SetSysClock
                0x080011ec      0x100 ..\obj\system_stm32f4xx.o
 .text.DMA_Init
                0x080012ec       0xb8 ..\obj\stm32f4xx_dma.o
                0x080012ec                DMA_Init
 .text.DMA_Cmd  0x080013a4       0x38 ..\obj\stm32f4xx_dma.o
                0x080013a4                DMA_Cmd
 .text.DMA_GetCmdStatus
                0x080013dc       0x38 ..\obj\stm32f4xx_dma.o
                0x080013dc                DMA_GetCmdStatus
 .text.DMA_GetFlagStatus
                0x08001414       0x84 ..\obj\stm32f4xx_dma.o
                0x08001414                DMA_GetFlagStatus
 .text.DMA_ClearFlag
                0x08001498       0x5c ..\obj\stm32f4xx_dma.o
                0x08001498                DMA_ClearFlag
 .text.EVAL_AUDIO_TransferComplete_CallBack
                0x080014f4       0x14 ..\obj\stm32f4_discovery_callbacks.o
                0x080014f4                EVAL_AUDIO_TransferComplete_CallBack
 .text.EVAL_AUDIO_GetSampleCallBack
                0x08001508       0x10 ..\obj\stm32f4_discovery_callbacks.o
                0x08001508                EVAL_AUDIO_GetSampleCallBack
 .text.SPI_I2S_SendData
                0x08001518       0x1c ..\obj\stm32f4xx_spi.o
                0x08001518                SPI_I2S_SendData
 .text.SPI_I2S_GetFlagStatus
                0x08001534       0x40 ..\obj\stm32f4xx_spi.o
                0x08001534                SPI_I2S_GetFlagStatus
 .text.NVIC_Init
                0x08001574       0xd8 ..\obj\misc.o
                0x08001574                NVIC_Init
 .text.TIM_TimeBaseInit
                0x0800164c       0xdc ..\obj\stm32f4xx_tim.o
                0x0800164c                TIM_TimeBaseInit
 .text.TIM_ARRPreloadConfig
                0x08001728       0x40 ..\obj\stm32f4xx_tim.o
                0x08001728                TIM_ARRPreloadConfig
 .text.TIM_Cmd  0x08001768       0x40 ..\obj\stm32f4xx_tim.o
                0x08001768                TIM_Cmd
 .text.TIM_OC1Init
                0x080017a8      0x108 ..\obj\stm32f4xx_tim.o
                0x080017a8                TIM_OC1Init
 .text.TIM_OC2Init
                0x080018b0      0x130 ..\obj\stm32f4xx_tim.o
                0x080018b0                TIM_OC2Init
 .text.TIM_OC1PreloadConfig
                0x080019e0       0x3c ..\obj\stm32f4xx_tim.o
                0x080019e0                TIM_OC1PreloadConfig
 .text.TIM_OC2PreloadConfig
                0x08001a1c       0x40 ..\obj\stm32f4xx_tim.o
                0x08001a1c                TIM_OC2PreloadConfig
 *(.init)
 *(.fini)
 *crtbegin.o(.ctors)
 *crtbegin?.o(.ctors)
 *(EXCLUDE_FILE(*crtend.o *crtend?.o) .ctors)
 *(SORT(.ctors.*))
 *(.ctors)
 *crtbegin.o(.dtors)
 *crtbegin?.o(.dtors)
 *(EXCLUDE_FILE(*crtend.o *crtend?.o) .dtors)
 *(SORT(.dtors.*))
 *(.dtors)
 *(.rodata*)
 *(.eh_fram e*)

.glue_7         0x08001a5c        0x0
 .glue_7        0x00000000        0x0 linker stubs

.glue_7t        0x08001a5c        0x0
 .glue_7t       0x00000000        0x0 linker stubs

.vfp11_veneer   0x08001a5c        0x0
 .vfp11_veneer  0x00000000        0x0 linker stubs

.v4_bx          0x08001a5c        0x0
 .v4_bx         0x00000000        0x0 linker stubs

.ARM.extab
 *(.ARM.extab* .gnu.linkonce.armextab.*)
                0x08001a5c                __exidx_start = .

.ARM.exidx
 *(.ARM.exidx* .gnu.linkonce.armexidx.*)
                0x08001a5c                __exidx_end = .
                0x08001a5c                __etext = .
                0x08001a5c                _sidata = __etext

.data           0x20000000       0x58 load address 0x08001a5c
                0x20000000                __data_start__ = .
                0x20000000                _sdata = __data_start__
 *(vtable)
 *(.data*)
 .data          0x20000000       0x34 ..\obj\stm32f4_discovery_audio_codec.o
                0x20000000                AudioTotalSize
                0x20000004                AudioRemSize
                0x20000008                CODECTimeout
                0x2000000c                CurrAudioInterface
                0x20000010                AUDIO_MAL_DMA_CLOCK
                0x20000014                AUDIO_MAL_DMA_STREAM
                0x20000018                AUDIO_MAL_DMA_DREG
                0x2000001c                AUDIO_MAL_DMA_IRQ
                0x20000020                AUDIO_MAL_DMA_FLAG_TC
                0x20000024                AUDIO_MAL_DMA_FLAG_HT
                0x20000028                AUDIO_MAL_DMA_FLAG_FE
                0x2000002c                AUDIO_MAL_DMA_FLAG_TE
                0x20000030                AUDIO_MAL_DMA_FLAG_DME
 .data          0x20000034       0x10 ..\obj\stm32f4xx_rcc.o
 .data          0x20000044       0x14 ..\obj\system_stm32f4xx.o
                0x20000044                SystemCoreClock
                0x20000048                AHBPrescTable
                0x20000058                . = ALIGN (0x4)
                0x20000058                PROVIDE (__preinit_array_start, .)
 *(.preinit_array)
                0x20000058                PROVIDE (__preinit_array_end, .)
                0x20000058                . = ALIGN (0x4)
                0x20000058                PROVIDE (__init_array_start, .)
 *(SORT(.init_array.*))
 *(.init_array)
                0x20000058                PROVIDE (__init_array_end, .)
                0x20000058                . = ALIGN (0x4)
                0x20000058                PROVIDE (__fini_array_start, .)
 *(SORT(.fini_array.*))
 *(.fini_array)
                0x20000058                PROVIDE (__fini_array_end, .)
 *(.jcr*)
                0x20000058                . = ALIGN (0x4)
                0x20000058                __data_end__ = .
                0x20000058                _edata = __data_end__

.bss            0x20000058       0x88 load address 0x08001ab4
                0x20000058                . = ALIGN (0x4)
                0x20000058                __bss_start__ = .
                0x20000058                _sbss = __bss_start__
 *(.bss*)
 .bss           0x20000058        0xc ..\obj\main.o
                0x2000005c                speed
 *(COMMON)
 COMMON         0x20000064       0x7c ..\obj\stm32f4_discovery_audio_codec.o
                0x20000064                CurrentPos
                0x20000068                AUDIO_MAL_DMA_InitStructure
                0x200000a4                DMA_InitStructure
                0x200000e0                . = ALIGN (0x4)
                0x200000e0                __bss_end__ = .
                0x200000e0                _ebss = __bss_end__

.heap           0x200000e0        0x0
                0x200000e0                __end__ = .
                0x200000e0                _end = __end__
                0x200000e0                end = __end__
 *(.heap*)
                0x200000e0                __HeapLimit = .

.co_stack       0x200000e0      0x800 load address 0x08001b3c
                0x200000e0                . = ALIGN (0x8)
 *(.co_stack .co_stack.*)
 .co_stack      0x200000e0      0x800 ..\obj\startup_stm32f4xx.o
                0x200000e0                pulStack
                0x20020000                __StackTop = 0x20020000
                0x2001f800                __StackLimit = (__StackTop - SIZEOF (.co_stack))
                0x20020000                PROVIDE (__stack, __StackTop)
                0x00000001                ASSERT ((__StackLimit >= __HeapLimit), region ram  overflowed with stack)
LOAD ..\obj\semihosting.o
LOAD ..\obj\stm32f4xx_syscfg.o
LOAD ..\obj\stm32f4_discovery_audio_codec.o
LOAD ..\obj\stm32f4xx_usart.o
LOAD ..\obj\stm32f4xx_dac.o
LOAD ..\obj\startup_stm32f4xx.o
LOAD ..\obj\stm32f4_discovery.o
LOAD ..\obj\main.o
LOAD ..\obj\stm32f4xx_rcc.o
LOAD ..\obj\printf.o
LOAD ..\obj\stm32f4xx_gpio.o
LOAD ..\obj\sh_cmd.o
LOAD ..\obj\system_stm32f4xx.o
LOAD ..\obj\syscalls.o
LOAD ..\obj\stm32f4xx_dma.o
LOAD ..\obj\stm32f4_discovery_callbacks.o
LOAD ..\obj\stm32f4xx_spi.o
LOAD ..\obj\stm32f4xx_i2c.o
LOAD ..\obj\stm32f4xx_exti.o
LOAD ..\obj\misc.o
LOAD ..\obj\stm32f4_discovery_lis302dl.o
LOAD ..\obj\stm32f4xx_tim.o
LOAD ..\..\..\STM32F4-Discovery\libpdmfilter_gcc.a
START GROUP
LOAD c:/coocox/arm-2011.03-coocox/bin/../lib/gcc/arm-none-eabi/4.5.2/thumb2\libgcc.a
LOAD c:/coocox/arm-2011.03-coocox/bin/../lib/gcc/arm-none-eabi/4.5.2/../../../../arm-none-eabi/lib/thumb2\libc.a
END GROUP
OUTPUT(SM332BLUE.elf elf32-littlearm)

.debug_abbrev   0x00000000     0x1ca9
 .debug_abbrev  0x00000000       0xa7 ..\obj\semihosting.o
 .debug_abbrev  0x000000a7      0x12a ..\obj\stm32f4xx_syscfg.o
 .debug_abbrev  0x000001d1      0x209 ..\obj\stm32f4_discovery_audio_codec.o
 .debug_abbrev  0x000003da      0x14e ..\obj\stm32f4xx_usart.o
 .debug_abbrev  0x00000528      0x172 ..\obj\stm32f4xx_dac.o
 .debug_abbrev  0x0000069a       0xac ..\obj\startup_stm32f4xx.o
 .debug_abbrev  0x00000746      0x176 ..\obj\stm32f4_discovery.o
 .debug_abbrev  0x000008bc      0x1d2 ..\obj\main.o
 .debug_abbrev  0x00000a8e      0x1b7 ..\obj\stm32f4xx_rcc.o
 .debug_abbrev  0x00000c45      0x238 ..\obj\printf.o
 .debug_abbrev  0x00000e7d      0x182 ..\obj\stm32f4xx_gpio.o
 .debug_abbrev  0x00000fff       0x14 ..\obj\sh_cmd.o
 .debug_abbrev  0x00001013      0x140 ..\obj\system_stm32f4xx.o
 .debug_abbrev  0x00001153       0xde ..\obj\syscalls.o
 .debug_abbrev  0x00001231      0x14e ..\obj\stm32f4xx_dma.o
 .debug_abbrev  0x0000137f       0x8c ..\obj\stm32f4_discovery_callbacks.o
 .debug_abbrev  0x0000140b      0x160 ..\obj\stm32f4xx_spi.o
 .debug_abbrev  0x0000156b      0x15d ..\obj\stm32f4xx_i2c.o
 .debug_abbrev  0x000016c8      0x198 ..\obj\stm32f4xx_exti.o
 .debug_abbrev  0x00001860      0x126 ..\obj\misc.o
 .debug_abbrev  0x00001986      0x1c0 ..\obj\stm32f4_discovery_lis302dl.o
 .debug_abbrev  0x00001b46      0x163 ..\obj\stm32f4xx_tim.o

.debug_info     0x00000000     0xba3a
 .debug_info    0x00000000      0x134 ..\obj\semihosting.o
 .debug_info    0x00000134      0x27a ..\obj\stm32f4xx_syscfg.o
 .debug_info    0x000003ae     0x1276 ..\obj\stm32f4_discovery_audio_codec.o
 .debug_info    0x00001624      0xa4f ..\obj\stm32f4xx_usart.o
 .debug_info    0x00002073      0x683 ..\obj\stm32f4xx_dac.o
 .debug_info    0x000026f6      0x147 ..\obj\startup_stm32f4xx.o
 .debug_info    0x0000283d      0x965 ..\obj\stm32f4_discovery.o
 .debug_info    0x000031a2      0xc29 ..\obj\main.o
 .debug_info    0x00003dcb      0xd24 ..\obj\stm32f4xx_rcc.o
 .debug_info    0x00004aef      0xed2 ..\obj\printf.o
 .debug_info    0x000059c1      0x639 ..\obj\stm32f4xx_gpio.o
 .debug_info    0x00005ffa       0x78 ..\obj\sh_cmd.o
 .debug_info    0x00006072      0x61d ..\obj\system_stm32f4xx.o
 .debug_info    0x0000668f      0x440 ..\obj\syscalls.o
 .debug_info    0x00006acf      0x7a3 ..\obj\stm32f4xx_dma.o
 .debug_info    0x00007272       0xfd ..\obj\stm32f4_discovery_callbacks.o
 .debug_info    0x0000736f      0xbcc ..\obj\stm32f4xx_spi.o
 .debug_info    0x00007f3b      0xb91 ..\obj\stm32f4xx_i2c.o
 .debug_info    0x00008acc      0x372 ..\obj\stm32f4xx_exti.o
 .debug_info    0x00008e3e      0x594 ..\obj\misc.o
 .debug_info    0x000093d2      0x840 ..\obj\stm32f4_discovery_lis302dl.o
 .debug_info    0x00009c12     0x1e28 ..\obj\stm32f4xx_tim.o

.debug_line     0x00000000     0x407b
 .debug_line    0x00000000       0x96 ..\obj\semihosting.o
 .debug_line    0x00000096      0x18f ..\obj\stm32f4xx_syscfg.o
 .debug_line    0x00000225      0x66a ..\obj\stm32f4_discovery_audio_codec.o
 .debug_line    0x0000088f      0x405 ..\obj\stm32f4xx_usart.o
 .debug_line    0x00000c94      0x2bb ..\obj\stm32f4xx_dac.o
 .debug_line    0x00000f4f       0x8c ..\obj\startup_stm32f4xx.o
 .debug_line    0x00000fdb      0x232 ..\obj\stm32f4_discovery.o
 .debug_line    0x0000120d      0x2a1 ..\obj\main.o
 .debug_line    0x000014ae      0x4fe ..\obj\stm32f4xx_rcc.o
 .debug_line    0x000019ac      0x390 ..\obj\printf.o
 .debug_line    0x00001d3c      0x2a2 ..\obj\stm32f4xx_gpio.o
 .debug_line    0x00001fde       0x6a ..\obj\sh_cmd.o
 .debug_line    0x00002048      0x1a9 ..\obj\system_stm32f4xx.o
 .debug_line    0x000021f1      0x176 ..\obj\syscalls.o
 .debug_line    0x00002367      0x33e ..\obj\stm32f4xx_dma.o
 .debug_line    0x000026a5      0x103 ..\obj\stm32f4_discovery_callbacks.o
 .debug_line    0x000027a8      0x3b6 ..\obj\stm32f4xx_spi.o
 .debug_line    0x00002b5e      0x43f ..\obj\stm32f4xx_i2c.o
 .debug_line    0x00002f9d      0x208 ..\obj\stm32f4xx_exti.o
 .debug_line    0x000031a5      0x1a8 ..\obj\misc.o
 .debug_line    0x0000334d      0x352 ..\obj\stm32f4_discovery_lis302dl.o
 .debug_line    0x0000369f      0x9dc ..\obj\stm32f4xx_tim.o

.debug_loc      0x00000000     0x547a
 .debug_loc     0x00000000       0xa8 ..\obj\semihosting.o
 .debug_loc     0x000000a8      0x144 ..\obj\stm32f4xx_syscfg.o
 .debug_loc     0x000001ec      0x730 ..\obj\stm32f4_discovery_audio_codec.o
 .debug_loc     0x0000091c      0x658 ..\obj\stm32f4xx_usart.o
 .debug_loc     0x00000f74      0x3ac ..\obj\stm32f4xx_dac.o
 .debug_loc     0x00001320       0x64 ..\obj\startup_stm32f4xx.o
 .debug_loc     0x00001384      0x150 ..\obj\stm32f4_discovery.o
 .debug_loc     0x000014d4      0x1e0 ..\obj\main.o
 .debug_loc     0x000016b4      0x97c ..\obj\stm32f4xx_rcc.o
 .debug_loc     0x00002030      0x3ea ..\obj\printf.o
 .debug_loc     0x0000241a      0x310 ..\obj\stm32f4xx_gpio.o
 .debug_loc     0x0000272a       0x9c ..\obj\system_stm32f4xx.o
 .debug_loc     0x000027c6      0x1ec ..\obj\syscalls.o
 .debug_loc     0x000029b2      0x428 ..\obj\stm32f4xx_dma.o
 .debug_loc     0x00002dda       0x64 ..\obj\stm32f4_discovery_callbacks.o
 .debug_loc     0x00002e3e      0x578 ..\obj\stm32f4xx_spi.o
 .debug_loc     0x000033b6      0x738 ..\obj\stm32f4xx_i2c.o
 .debug_loc     0x00003aee      0x1b4 ..\obj\stm32f4xx_exti.o
 .debug_loc     0x00003ca2      0x118 ..\obj\misc.o
 .debug_loc     0x00003dba      0x2a0 ..\obj\stm32f4_discovery_lis302dl.o
 .debug_loc     0x0000405a     0x1420 ..\obj\stm32f4xx_tim.o

.debug_pubnames
                0x00000000     0x2281
 .debug_pubnames
                0x00000000       0x43 ..\obj\semihosting.o
 .debug_pubnames
                0x00000043       0xc3 ..\obj\stm32f4xx_syscfg.o
 .debug_pubnames
                0x00000106      0x2d5 ..\obj\stm32f4_discovery_audio_codec.o
 .debug_pubnames
                0x000003db      0x294 ..\obj\stm32f4xx_usart.o
 .debug_pubnames
                0x0000066f      0x17d ..\obj\stm32f4xx_dac.o
 .debug_pubnames
                0x000007ec       0x4a ..\obj\startup_stm32f4xx.o
 .debug_pubnames
                0x00000836      0x150 ..\obj\stm32f4_discovery.o
 .debug_pubnames
                0x00000986       0xbf ..\obj\main.o
 .debug_pubnames
                0x00000a45      0x417 ..\obj\stm32f4xx_rcc.o
 .debug_pubnames
                0x00000e5c      0x101 ..\obj\printf.o
 .debug_pubnames
                0x00000f5d      0x12d ..\obj\stm32f4xx_gpio.o
 .debug_pubnames
                0x0000108a       0x61 ..\obj\system_stm32f4xx.o
 .debug_pubnames
                0x000010eb       0x71 ..\obj\syscalls.o
 .debug_pubnames
                0x0000115c      0x1c9 ..\obj\stm32f4xx_dma.o
 .debug_pubnames
                0x00001325       0x5c ..\obj\stm32f4_discovery_callbacks.o
 .debug_pubnames
                0x00001381      0x221 ..\obj\stm32f4xx_spi.o
 .debug_pubnames
                0x000015a2      0x2cb ..\obj\stm32f4xx_i2c.o
 .debug_pubnames
                0x0000186d       0xbb ..\obj\stm32f4xx_exti.o
 .debug_pubnames
                0x00001928       0x89 ..\obj\misc.o
 .debug_pubnames
                0x000019b1      0x10c ..\obj\stm32f4_discovery_lis302dl.o
 .debug_pubnames
                0x00001abd      0x7c4 ..\obj\stm32f4xx_tim.o

.debug_pubtypes
                0x00000000      0xfcc
 .debug_pubtypes
                0x00000000       0x12 ..\obj\semihosting.o
 .debug_pubtypes
                0x00000012       0x6d ..\obj\stm32f4xx_syscfg.o
 .debug_pubtypes
                0x0000007f      0x179 ..\obj\stm32f4_discovery_audio_codec.o
 .debug_pubtypes
                0x000001f8       0xcd ..\obj\stm32f4xx_usart.o
 .debug_pubtypes
                0x000002c5       0x98 ..\obj\stm32f4xx_dac.o
 .debug_pubtypes
                0x0000035d      0x16e ..\obj\stm32f4_discovery.o
 .debug_pubtypes
                0x000004cb      0x163 ..\obj\main.o
 .debug_pubtypes
                0x0000062e       0xaa ..\obj\stm32f4xx_rcc.o
 .debug_pubtypes
                0x000006d8      0x139 ..\obj\printf.o
 .debug_pubtypes
                0x00000811       0xce ..\obj\stm32f4xx_gpio.o
 .debug_pubtypes
                0x000008df       0x83 ..\obj\system_stm32f4xx.o
 .debug_pubtypes
                0x00000962       0xaa ..\obj\syscalls.o
 .debug_pubtypes
                0x00000a0c       0xa3 ..\obj\stm32f4xx_dma.o
 .debug_pubtypes
                0x00000aaf       0x38 ..\obj\stm32f4_discovery_callbacks.o
 .debug_pubtypes
                0x00000ae7       0xbc ..\obj\stm32f4xx_spi.o
 .debug_pubtypes
                0x00000ba3       0xbe ..\obj\stm32f4xx_i2c.o
 .debug_pubtypes
                0x00000c61       0xae ..\obj\stm32f4xx_exti.o
 .debug_pubtypes
                0x00000d0f       0x8c ..\obj\misc.o
 .debug_pubtypes
                0x00000d9b      0x14d ..\obj\stm32f4_discovery_lis302dl.o
 .debug_pubtypes
                0x00000ee8       0xe4 ..\obj\stm32f4xx_tim.o

.debug_aranges  0x00000000      0xe48
 .debug_aranges
                0x00000000       0x30 ..\obj\semihosting.o
 .debug_aranges
                0x00000030       0x48 ..\obj\stm32f4xx_syscfg.o
 .debug_aranges
                0x00000078      0x130 ..\obj\stm32f4_discovery_audio_codec.o
 .debug_aranges
                0x000001a8      0x100 ..\obj\stm32f4xx_usart.o
 .debug_aranges
                0x000002a8       0xa0 ..\obj\stm32f4xx_dac.o
 .debug_aranges
                0x00000348       0x28 ..\obj\startup_stm32f4xx.o
 .debug_aranges
                0x00000370       0x48 ..\obj\stm32f4_discovery.o
 .debug_aranges
                0x000003b8       0x60 ..\obj\main.o
 .debug_aranges
                0x00000418      0x178 ..\obj\stm32f4xx_rcc.o
 .debug_aranges
                0x00000590       0xa0 ..\obj\printf.o
 .debug_aranges
                0x00000630       0x88 ..\obj\stm32f4xx_gpio.o
 .debug_aranges
                0x000006b8       0x20 ..\obj\sh_cmd.o
 .debug_aranges
                0x000006d8       0x30 ..\obj\system_stm32f4xx.o
 .debug_aranges
                0x00000708       0x60 ..\obj\syscalls.o
 .debug_aranges
                0x00000768       0xb0 ..\obj\stm32f4xx_dma.o
 .debug_aranges
                0x00000818       0x28 ..\obj\stm32f4_discovery_callbacks.o
 .debug_aranges
                0x00000840       0xe0 ..\obj\stm32f4xx_spi.o
 .debug_aranges
                0x00000920      0x120 ..\obj\stm32f4xx_i2c.o
 .debug_aranges
                0x00000a40       0x58 ..\obj\stm32f4xx_exti.o
 .debug_aranges
                0x00000a98       0x40 ..\obj\misc.o
 .debug_aranges
                0x00000ad8       0x78 ..\obj\stm32f4_discovery_lis302dl.o
 .debug_aranges
                0x00000b50      0x2f8 ..\obj\stm32f4xx_tim.o

.debug_ranges   0x00000000      0xcd8
 .debug_ranges  0x00000000       0x20 ..\obj\semihosting.o
 .debug_ranges  0x00000020       0x38 ..\obj\stm32f4xx_syscfg.o
 .debug_ranges  0x00000058      0x120 ..\obj\stm32f4_discovery_audio_codec.o
 .debug_ranges  0x00000178       0xf0 ..\obj\stm32f4xx_usart.o
 .debug_ranges  0x00000268       0x90 ..\obj\stm32f4xx_dac.o
 .debug_ranges  0x000002f8       0x18 ..\obj\startup_stm32f4xx.o
 .debug_ranges  0x00000310       0x38 ..\obj\stm32f4_discovery.o
 .debug_ranges  0x00000348       0x50 ..\obj\main.o
 .debug_ranges  0x00000398      0x168 ..\obj\stm32f4xx_rcc.o
 .debug_ranges  0x00000500       0x90 ..\obj\printf.o
 .debug_ranges  0x00000590       0x78 ..\obj\stm32f4xx_gpio.o
 .debug_ranges  0x00000608       0x20 ..\obj\system_stm32f4xx.o
 .debug_ranges  0x00000628       0x50 ..\obj\syscalls.o
 .debug_ranges  0x00000678       0xa0 ..\obj\stm32f4xx_dma.o
 .debug_ranges  0x00000718       0x18 ..\obj\stm32f4_discovery_callbacks.o
 .debug_ranges  0x00000730       0xd0 ..\obj\stm32f4xx_spi.o
 .debug_ranges  0x00000800      0x110 ..\obj\stm32f4xx_i2c.o
 .debug_ranges  0x00000910       0x48 ..\obj\stm32f4xx_exti.o
 .debug_ranges  0x00000958       0x30 ..\obj\misc.o
 .debug_ranges  0x00000988       0x68 ..\obj\stm32f4_discovery_lis302dl.o
 .debug_ranges  0x000009f0      0x2e8 ..\obj\stm32f4xx_tim.o

.debug_str      0x00000000     0x434f
 .debug_str     0x00000000       0xc3 ..\obj\semihosting.o
                                 0xfc (size before relaxing)
 .debug_str     0x000000c3      0x19e ..\obj\stm32f4xx_syscfg.o
                                0x247 (size before relaxing)
 .debug_str     0x00000261      0xe8d ..\obj\stm32f4_discovery_audio_codec.o
                                0xfba (size before relaxing)
 .debug_str     0x000010ee      0x47b ..\obj\stm32f4xx_usart.o
                                0x5d7 (size before relaxing)
 .debug_str     0x00001569      0x225 ..\obj\stm32f4xx_dac.o
                                0x39b (size before relaxing)
 .debug_str     0x0000178e       0x9b ..\obj\startup_stm32f4xx.o
                                 0xc6 (size before relaxing)
 .debug_str     0x00001829      0x283 ..\obj\stm32f4_discovery.o
                                0xa7f (size before relaxing)
 .debug_str     0x00001aac      0x2bc ..\obj\main.o
                                0xbb3 (size before relaxing)
 .debug_str     0x00001d68      0x5ce ..\obj\stm32f4xx_rcc.o
                                0x798 (size before relaxing)
 .debug_str     0x00002336      0x48e ..\obj\printf.o
                                0x5b1 (size before relaxing)
 .debug_str     0x000027c4      0x150 ..\obj\stm32f4xx_gpio.o
                                0x3eb (size before relaxing)
 .debug_str     0x00002914       0xf3 ..\obj\system_stm32f4xx.o
                                0x2f2 (size before relaxing)
 .debug_str     0x00002a07      0x135 ..\obj\syscalls.o
                                0x231 (size before relaxing)
 .debug_str     0x00002b3c      0x24c ..\obj\stm32f4xx_dma.o
                                0x494 (size before relaxing)
 .debug_str     0x00002d88       0x73 ..\obj\stm32f4_discovery_callbacks.o
                                0x137 (size before relaxing)
 .debug_str     0x00002dfb      0x303 ..\obj\stm32f4xx_spi.o
                                0x5d2 (size before relaxing)
 .debug_str     0x000030fe      0x32b ..\obj\stm32f4xx_i2c.o
                                0x5ad (size before relaxing)
 .debug_str     0x00003429       0xeb ..\obj\stm32f4xx_exti.o
                                0x2b6 (size before relaxing)
 .debug_str     0x00003514      0x14c ..\obj\misc.o
                                0x321 (size before relaxing)
 .debug_str     0x00003660      0x306 ..\obj\stm32f4_discovery_lis302dl.o
                                0x6a0 (size before relaxing)
 .debug_str     0x00003966      0x9e9 ..\obj\stm32f4xx_tim.o
                                0xd18 (size before relaxing)

.comment        0x00000000       0x11
 .comment       0x00000000       0x11 ..\obj\semihosting.o
                                 0x12 (size before relaxing)
 .comment       0x00000000       0x12 ..\obj\stm32f4xx_syscfg.o
 .comment       0x00000000       0x12 ..\obj\stm32f4_discovery_audio_codec.o
 .comment       0x00000000       0x12 ..\obj\stm32f4xx_usart.o
 .comment       0x00000000       0x12 ..\obj\stm32f4xx_dac.o
 .comment       0x00000000       0x12 ..\obj\startup_stm32f4xx.o
 .comment       0x00000000       0x12 ..\obj\stm32f4_discovery.o
 .comment       0x00000000       0x12 ..\obj\main.o
 .comment       0x00000000       0x12 ..\obj\stm32f4xx_rcc.o
 .comment       0x00000000       0x12 ..\obj\printf.o
 .comment       0x00000000       0x12 ..\obj\stm32f4xx_gpio.o
 .comment       0x00000000       0x12 ..\obj\system_stm32f4xx.o
 .comment       0x00000000       0x12 ..\obj\syscalls.o
 .comment       0x00000000       0x12 ..\obj\stm32f4xx_dma.o
 .comment       0x00000000       0x12 ..\obj\stm32f4_discovery_callbacks.o
 .comment       0x00000000       0x12 ..\obj\stm32f4xx_spi.o
 .comment       0x00000000       0x12 ..\obj\stm32f4xx_i2c.o
 .comment       0x00000000       0x12 ..\obj\stm32f4xx_exti.o
 .comment       0x00000000       0x12 ..\obj\misc.o
 .comment       0x00000000       0x12 ..\obj\stm32f4_discovery_lis302dl.o
 .comment       0x00000000       0x12 ..\obj\stm32f4xx_tim.o

.ARM.attributes
                0x00000000       0x2f
 .ARM.attributes
                0x00000000       0x31 ..\obj\semihosting.o
 .ARM.attributes
                0x00000031       0x31 ..\obj\stm32f4xx_syscfg.o
 .ARM.attributes
                0x00000062       0x31 ..\obj\stm32f4_discovery_audio_codec.o
 .ARM.attributes
                0x00000093       0x31 ..\obj\stm32f4xx_usart.o
 .ARM.attributes
                0x000000c4       0x31 ..\obj\stm32f4xx_dac.o
 .ARM.attributes
                0x000000f5       0x31 ..\obj\startup_stm32f4xx.o
 .ARM.attributes
                0x00000126       0x31 ..\obj\stm32f4_discovery.o
 .ARM.attributes
                0x00000157       0x31 ..\obj\main.o
 .ARM.attributes
                0x00000188       0x31 ..\obj\stm32f4xx_rcc.o
 .ARM.attributes
                0x000001b9       0x31 ..\obj\printf.o
 .ARM.attributes
                0x000001ea       0x31 ..\obj\stm32f4xx_gpio.o
 .ARM.attributes
                0x0000021b       0x21 ..\obj\sh_cmd.o
 .ARM.attributes
                0x0000023c       0x31 ..\obj\system_stm32f4xx.o
 .ARM.attributes
                0x0000026d       0x31 ..\obj\syscalls.o
 .ARM.attributes
                0x0000029e       0x31 ..\obj\stm32f4xx_dma.o
 .ARM.attributes
                0x000002cf       0x31 ..\obj\stm32f4_discovery_callbacks.o
 .ARM.attributes
                0x00000300       0x31 ..\obj\stm32f4xx_spi.o
 .ARM.attributes
                0x00000331       0x31 ..\obj\stm32f4xx_i2c.o
 .ARM.attributes
                0x00000362       0x31 ..\obj\stm32f4xx_exti.o
 .ARM.attributes
                0x00000393       0x31 ..\obj\misc.o
 .ARM.attributes
                0x000003c4       0x31 ..\obj\stm32f4_discovery_lis302dl.o
 .ARM.attributes
                0x000003f5       0x31 ..\obj\stm32f4xx_tim.o

.debug_frame    0x00000000     0x2d24
 .debug_frame   0x00000000       0x70 ..\obj\semihosting.o
 .debug_frame   0x00000070       0xbc ..\obj\stm32f4xx_syscfg.o
 .debug_frame   0x0000012c      0x438 ..\obj\stm32f4_discovery_audio_codec.o
 .debug_frame   0x00000564      0x344 ..\obj\stm32f4xx_usart.o
 .debug_frame   0x000008a8      0x1ec ..\obj\stm32f4xx_dac.o
 .debug_frame   0x00000a94       0x48 ..\obj\startup_stm32f4xx.o
 .debug_frame   0x00000adc       0xc4 ..\obj\stm32f4_discovery.o
 .debug_frame   0x00000ba0      0x120 ..\obj\main.o
 .debug_frame   0x00000cc0      0x4d8 ..\obj\stm32f4xx_rcc.o
 .debug_frame   0x00001198      0x244 ..\obj\printf.o
 .debug_frame   0x000013dc      0x19c ..\obj\stm32f4xx_gpio.o
 .debug_frame   0x00001578       0x64 ..\obj\system_stm32f4xx.o
 .debug_frame   0x000015dc      0x108 ..\obj\syscalls.o
 .debug_frame   0x000016e4      0x224 ..\obj\stm32f4xx_dma.o
 .debug_frame   0x00001908       0x44 ..\obj\stm32f4_discovery_callbacks.o
 .debug_frame   0x0000194c      0x2d0 ..\obj\stm32f4xx_spi.o
 .debug_frame   0x00001c1c      0x3b4 ..\obj\stm32f4xx_i2c.o
 .debug_frame   0x00001fd0       0xec ..\obj\stm32f4xx_exti.o
 .debug_frame   0x000020bc       0x9c ..\obj\misc.o
 .debug_frame   0x00002158      0x190 ..\obj\stm32f4_discovery_lis302dl.o
 .debug_frame   0x000022e8      0xa3c ..\obj\stm32f4xx_tim.o
